Archive member included to satisfy reference by file (symbol)

/usr/lib/gcc/arm-none-eabi/11.2.0/thumb/v6-m/nofp/libgcc.a(_dvmd_tls.o)
                              CMakeFiles/test.dir/usr/share/pico-sdk/src/rp2_common/pico_divider/divider.S.obj (__aeabi_idiv0)
/usr/lib/gcc/arm-none-eabi/11.2.0/../../../../arm-none-eabi/lib/thumb/v6-m/nofp/libc.a(lib_a-atexit.o)
                              /usr/lib/gcc/arm-none-eabi/11.2.0/../../../../arm-none-eabi/lib/thumb/v6-m/nofp/crt0.o (atexit)
/usr/lib/gcc/arm-none-eabi/11.2.0/../../../../arm-none-eabi/lib/thumb/v6-m/nofp/libc.a(lib_a-calloc.o)
                              CMakeFiles/test.dir/usr/share/pico-sdk/src/rp2_common/pico_malloc/pico_malloc.c.obj (calloc)
/usr/lib/gcc/arm-none-eabi/11.2.0/../../../../arm-none-eabi/lib/thumb/v6-m/nofp/libc.a(lib_a-callocr.o)
                              /usr/lib/gcc/arm-none-eabi/11.2.0/../../../../arm-none-eabi/lib/thumb/v6-m/nofp/libc.a(lib_a-calloc.o) (_calloc_r)
/usr/lib/gcc/arm-none-eabi/11.2.0/../../../../arm-none-eabi/lib/thumb/v6-m/nofp/libc.a(lib_a-errno.o)
                              /usr/lib/gcc/arm-none-eabi/11.2.0/../../../../arm-none-eabi/lib/thumb/v6-m/nofp/libc.a(lib_a-callocr.o) (__errno)
/usr/lib/gcc/arm-none-eabi/11.2.0/../../../../arm-none-eabi/lib/thumb/v6-m/nofp/libc.a(lib_a-fini.o)
                              /usr/lib/gcc/arm-none-eabi/11.2.0/../../../../arm-none-eabi/lib/thumb/v6-m/nofp/crt0.o (__libc_fini_array)
/usr/lib/gcc/arm-none-eabi/11.2.0/../../../../arm-none-eabi/lib/thumb/v6-m/nofp/libc.a(lib_a-impure.o)
                              /usr/lib/gcc/arm-none-eabi/11.2.0/../../../../arm-none-eabi/lib/thumb/v6-m/nofp/libc.a(lib_a-calloc.o) (_impure_ptr)
/usr/lib/gcc/arm-none-eabi/11.2.0/../../../../arm-none-eabi/lib/thumb/v6-m/nofp/libc.a(lib_a-init.o)
                              /usr/lib/gcc/arm-none-eabi/11.2.0/../../../../arm-none-eabi/lib/thumb/v6-m/nofp/crt0.o (__libc_init_array)
/usr/lib/gcc/arm-none-eabi/11.2.0/../../../../arm-none-eabi/lib/thumb/v6-m/nofp/libc.a(lib_a-malloc.o)
                              CMakeFiles/test.dir/usr/share/pico-sdk/src/rp2_common/pico_malloc/pico_malloc.c.obj (malloc)
/usr/lib/gcc/arm-none-eabi/11.2.0/../../../../arm-none-eabi/lib/thumb/v6-m/nofp/libc.a(lib_a-mallocr.o)
                              /usr/lib/gcc/arm-none-eabi/11.2.0/../../../../arm-none-eabi/lib/thumb/v6-m/nofp/libc.a(lib_a-callocr.o) (_malloc_r)
/usr/lib/gcc/arm-none-eabi/11.2.0/../../../../arm-none-eabi/lib/thumb/v6-m/nofp/libc.a(lib_a-mlock.o)
                              /usr/lib/gcc/arm-none-eabi/11.2.0/../../../../arm-none-eabi/lib/thumb/v6-m/nofp/libc.a(lib_a-mallocr.o) (__malloc_lock)
/usr/lib/gcc/arm-none-eabi/11.2.0/../../../../arm-none-eabi/lib/thumb/v6-m/nofp/libc.a(lib_a-sbrkr.o)
                              /usr/lib/gcc/arm-none-eabi/11.2.0/../../../../arm-none-eabi/lib/thumb/v6-m/nofp/libc.a(lib_a-mallocr.o) (_sbrk_r)
/usr/lib/gcc/arm-none-eabi/11.2.0/../../../../arm-none-eabi/lib/thumb/v6-m/nofp/libc.a(lib_a-strlen-stub.o)
                              CMakeFiles/test.dir/usr/share/pico-sdk/src/rp2_common/pico_stdio/stdio.c.obj (strlen)
/usr/lib/gcc/arm-none-eabi/11.2.0/../../../../arm-none-eabi/lib/thumb/v6-m/nofp/libc.a(lib_a-__atexit.o)
                              /usr/lib/gcc/arm-none-eabi/11.2.0/../../../../arm-none-eabi/lib/thumb/v6-m/nofp/libc.a(lib_a-atexit.o) (__register_exitproc)
/usr/lib/gcc/arm-none-eabi/11.2.0/../../../../arm-none-eabi/lib/thumb/v6-m/nofp/libc.a(lib_a-__call_atexit.o)
                              /usr/lib/gcc/arm-none-eabi/11.2.0/../../../../arm-none-eabi/lib/thumb/v6-m/nofp/libc.a(lib_a-__atexit.o) (__atexit_recursive_mutex)
/usr/lib/gcc/arm-none-eabi/11.2.0/../../../../arm-none-eabi/lib/thumb/v6-m/nofp/libc.a(lib_a-freer.o)
                              /usr/lib/gcc/arm-none-eabi/11.2.0/../../../../arm-none-eabi/lib/thumb/v6-m/nofp/libc.a(lib_a-malloc.o) (_free_r)
/usr/lib/gcc/arm-none-eabi/11.2.0/../../../../arm-none-eabi/lib/thumb/v6-m/nofp/libc.a(lib_a-lock.o)
                              /usr/lib/gcc/arm-none-eabi/11.2.0/../../../../arm-none-eabi/lib/thumb/v6-m/nofp/libc.a(lib_a-mlock.o) (__retarget_lock_acquire_recursive)
/usr/lib/gcc/arm-none-eabi/11.2.0/../../../../arm-none-eabi/lib/thumb/v6-m/nofp/libc.a(lib_a-reent.o)
                              /usr/lib/gcc/arm-none-eabi/11.2.0/../../../../arm-none-eabi/lib/thumb/v6-m/nofp/libc.a(lib_a-sbrkr.o) (errno)

Discarded input sections

 .text          0x0000000000000000        0x0 /usr/lib/gcc/arm-none-eabi/11.2.0/thumb/v6-m/nofp/crti.o
 .data          0x0000000000000000        0x0 /usr/lib/gcc/arm-none-eabi/11.2.0/thumb/v6-m/nofp/crti.o
 .bss           0x0000000000000000        0x0 /usr/lib/gcc/arm-none-eabi/11.2.0/thumb/v6-m/nofp/crti.o
 .text          0x0000000000000000        0x0 /usr/lib/gcc/arm-none-eabi/11.2.0/thumb/v6-m/nofp/crtbegin.o
 .data          0x0000000000000000        0x0 /usr/lib/gcc/arm-none-eabi/11.2.0/thumb/v6-m/nofp/crtbegin.o
[...]
Memory Configuration

Name             Origin             Length             Attributes
FLASH            0x0000000010000000 0x0000000000200000 xr
RAM              0x0000000020000000 0x0000000000040000 xrw
SCRATCH_X        0x0000000020040000 0x0000000000001000 xrw
SCRATCH_Y        0x0000000020041000 0x0000000000001000 xrw
*default*        0x0000000000000000 0xffffffffffffffff

Linker script and memory map

LOAD /usr/lib/gcc/arm-none-eabi/11.2.0/thumb/v6-m/nofp/crti.o
LOAD /usr/lib/gcc/arm-none-eabi/11.2.0/thumb/v6-m/nofp/crtbegin.o
LOAD /usr/lib/gcc/arm-none-eabi/11.2.0/../../../../arm-none-eabi/lib/thumb/v6-m/nofp/crt0.o

.flash_begin    0x0000000010000000        0x0
                0x0000000010000000                __flash_binary_start = .

.boot2          0x0000000010000000      0x100
                0x0000000010000000                __boot2_start__ = .
 *(.boot2)
 .boot2         0x0000000010000000      0x100 /tmp/cccwaP5Q.o
                0x0000000010000100                __boot2_end__ = .
                0x0000000000000001                ASSERT (((__boot2_end__ - __boot2_start__) == 0x100), ERROR: Pico second stage bootloader must be 256 bytes in size)

.text           0x0000000010000100     0x7780
                0x0000000010000100                __logical_binary_start = .
 *(.vectors)
 .vectors       0x0000000010000100       0xd4 CMakeFiles/test.dir/usr/share/pico-sdk/src/rp2_common/pico_standard_link/crt0.S.obj
                0x0000000010000100                __vectors
                0x0000000010000100                __VECTOR_TABLE
                0x00000000100001c0                isr_invalid
                0x00000000100001c0                __default_isrs_start
                0x00000000100001c2                isr_nmi
                0x00000000100001c4                isr_hardfault
                0x00000000100001c6                isr_svcall
                0x00000000100001c8                isr_pendsv
                0x00000000100001ca                isr_systick
                0x00000000100001cc                isr_irq30
                0x00000000100001cc                __unhandled_user_irq
                0x00000000100001cc                isr_irq13
                0x00000000100001cc                isr_irq27
                0x00000000100001cc                isr_irq31
                0x00000000100001cc                isr_irq5
                0x00000000100001cc                isr_irq11
                0x00000000100001cc                isr_irq23
                0x00000000100001cc                isr_irq18
                0x00000000100001cc                isr_irq28
                0x00000000100001cc                isr_irq19
                0x00000000100001cc                isr_irq0
                0x00000000100001cc                isr_irq6
                0x00000000100001cc                isr_irq22
                0x00000000100001cc                isr_irq17
                0x00000000100001cc                isr_irq14
                0x00000000100001cc                isr_irq2
                0x00000000100001cc                isr_irq10
                0x00000000100001cc                isr_irq8
                0x00000000100001cc                isr_irq24
                0x00000000100001cc                isr_irq1
                0x00000000100001cc                isr_irq7
                0x00000000100001cc                isr_irq21
                0x00000000100001cc                isr_irq20
                0x00000000100001cc                isr_irq15
                0x00000000100001cc                isr_irq25
                0x00000000100001cc                isr_irq4
                0x00000000100001cc                isr_irq16
                0x00000000100001cc                isr_irq29
                0x00000000100001cc                isr_irq26
                0x00000000100001cc                __default_isrs_end
                0x00000000100001cc                isr_irq3
                0x00000000100001cc                isr_irq12
                0x00000000100001cc                isr_irq9
                0x00000000100001d2                unhandled_user_irq_num_in_r0
 *(.binary_info_header)
 .binary_info_header
                0x00000000100001d4       0x14 CMakeFiles/test.dir/usr/share/pico-sdk/src/rp2_common/pico_standard_link/crt0.S.obj
                0x00000000100001e8                __binary_info_header_end = .
 *(.reset)
 .reset         0x00000000100001e8       0xa8 CMakeFiles/test.dir/usr/share/pico-sdk/src/rp2_common/pico_standard_link/crt0.S.obj
                0x00000000100001e8                _entry_point
                0x0000000010000266                __get_current_exception
 .reset         0x0000000010000290       0x30 CMakeFiles/test.dir/usr/share/pico-sdk/src/rp2_common/pico_standard_link/binary_info.c.obj
 *(.init)
 .init          0x00000000100002c0        0x4 /usr/lib/gcc/arm-none-eabi/11.2.0/thumb/v6-m/nofp/crti.o
                0x00000000100002c0                _init
 *(EXCLUDE_FILE(*libm.a: *libc.a:*lib_a-mem*.o *libgcc.a:) .text*)
 .text.frame_dummy
                0x00000000100002c4       0x20 /usr/lib/gcc/arm-none-eabi/11.2.0/thumb/v6-m/nofp/crtbegin.o
 .text.startup.main
                0x00000000100002e4      0x10c CMakeFiles/test.dir/src/main.cpp.obj
                0x00000000100002e4                main
 .text._Z9initCommshm
                0x00000000100003f0       0x38 CMakeFiles/test.dir/pico-joybus-comms/src/joybusComms.cpp.obj
                0x00000000100003f0                initComms(unsigned char, unsigned long)
 .text._Z9awaitPollv
                0x0000000010000428      0x470 CMakeFiles/test.dir/pico-joybus-comms/src/joybusComms.cpp.obj
                0x0000000010000428                awaitPoll()
 .text.gpio_set_function
                0x0000000010000898       0x30 CMakeFiles/test.dir/usr/share/pico-sdk/src/rp2_common/hardware_gpio/gpio.c.obj
                0x0000000010000898                gpio_set_function
 .text.gpio_set_pulls
                0x00000000100008c8       0x24 CMakeFiles/test.dir/usr/share/pico-sdk/src/rp2_common/hardware_gpio/gpio.c.obj
                0x00000000100008c8                gpio_set_pulls
 .text.gpio_init
                0x00000000100008ec       0x3c CMakeFiles/test.dir/usr/share/pico-sdk/src/rp2_common/hardware_gpio/gpio.c.obj
                0x00000000100008ec                gpio_init
 .text.hw_claim_or_assert
                0x0000000010000928       0x44 CMakeFiles/test.dir/usr/share/pico-sdk/src/rp2_common/hardware_claim/claim.c.obj
                0x0000000010000928                hw_claim_or_assert
 .text.hw_claim_unused_from_range
                0x000000001000096c       0x9c CMakeFiles/test.dir/usr/share/pico-sdk/src/rp2_common/hardware_claim/claim.c.obj
                0x000000001000096c                hw_claim_unused_from_range
 .text.running_on_fpga
                0x0000000010000a08       0x10 CMakeFiles/test.dir/usr/share/pico-sdk/src/rp2_common/pico_platform/platform.c.obj
                0x0000000010000a08                running_on_fpga
 .text.spin_locks_reset
                0x0000000010000a18       0x1c CMakeFiles/test.dir/usr/share/pico-sdk/src/rp2_common/hardware_sync/sync.c.obj
                0x0000000010000a18                spin_locks_reset
 .text.next_striped_spin_lock_num
                0x0000000010000a34       0x18 CMakeFiles/test.dir/usr/share/pico-sdk/src/rp2_common/hardware_sync/sync.c.obj
                0x0000000010000a34                next_striped_spin_lock_num
 .text.spin_lock_claim_unused
                0x0000000010000a4c       0x24 CMakeFiles/test.dir/usr/share/pico-sdk/src/rp2_common/hardware_sync/sync.c.obj
                0x0000000010000a4c                spin_lock_claim_unused
 .text.uart_init
                0x0000000010000a70       0xe0 CMakeFiles/test.dir/usr/share/pico-sdk/src/rp2_common/hardware_uart/uart.c.obj
                0x0000000010000a70                uart_init
 .text.timer_pool_entry_comparator
                0x0000000010000b50       0x34 CMakeFiles/test.dir/usr/share/pico-sdk/src/common/pico_time/time.c.obj
                0x0000000010000b50                timer_pool_entry_comparator
 .text.sleep_until_callback
                0x0000000010000b84       0x30 CMakeFiles/test.dir/usr/share/pico-sdk/src/common/pico_time/time.c.obj
 .text.add_alarm_under_lock.isra.0
                0x0000000010000bb4       0xfc CMakeFiles/test.dir/usr/share/pico-sdk/src/common/pico_time/time.c.obj
 .text.alarm_pool_alarm_callback
                0x0000000010000cb0      0x1c8 CMakeFiles/test.dir/usr/share/pico-sdk/src/common/pico_time/time.c.obj
 .text.alarm_pool_add_alarm_at.constprop.0
                0x0000000010000e78      0x114 CMakeFiles/test.dir/usr/share/pico-sdk/src/common/pico_time/time.c.obj
 .text.alarm_pool_init_default
                0x0000000010000f8c       0x64 CMakeFiles/test.dir/usr/share/pico-sdk/src/common/pico_time/time.c.obj
                0x0000000010000f8c                alarm_pool_init_default
 .text.alarm_pool_get_default
                0x0000000010000ff0        0x8 CMakeFiles/test.dir/usr/share/pico-sdk/src/common/pico_time/time.c.obj
                0x0000000010000ff0                alarm_pool_get_default
 .text.alarm_pool_add_alarm_at
                0x0000000010000ff8      0x198 CMakeFiles/test.dir/usr/share/pico-sdk/src/common/pico_time/time.c.obj
                0x0000000010000ff8                alarm_pool_add_alarm_at
 .text.sleep_until
                0x0000000010001190       0xac CMakeFiles/test.dir/usr/share/pico-sdk/src/common/pico_time/time.c.obj
                0x0000000010001190                sleep_until
 .text.sleep_ms
                0x000000001000123c       0x38 CMakeFiles/test.dir/usr/share/pico-sdk/src/common/pico_time/time.c.obj
                0x000000001000123c                sleep_ms
 .text.best_effort_wfe_or_timeout
                0x0000000010001274       0xac CMakeFiles/test.dir/usr/share/pico-sdk/src/common/pico_time/time.c.obj
                0x0000000010001274                best_effort_wfe_or_timeout
 .text.hardware_alarm_irq_handler
                0x0000000010001320       0xb8 CMakeFiles/test.dir/usr/share/pico-sdk/src/rp2_common/hardware_timer/timer.c.obj
 .text.hardware_alarm_claim
                0x00000000100013d8       0x18 CMakeFiles/test.dir/usr/share/pico-sdk/src/rp2_common/hardware_timer/timer.c.obj
                0x00000000100013d8                hardware_alarm_claim
 .text.time_us_64
                0x00000000100013f0       0x14 CMakeFiles/test.dir/usr/share/pico-sdk/src/rp2_common/hardware_timer/timer.c.obj
                0x00000000100013f0                time_us_64
 .text.busy_wait_until
                0x0000000010001404       0x20 CMakeFiles/test.dir/usr/share/pico-sdk/src/rp2_common/hardware_timer/timer.c.obj
                0x0000000010001404                busy_wait_until
 .text.hardware_alarm_set_callback
                0x0000000010001424       0x8c CMakeFiles/test.dir/usr/share/pico-sdk/src/rp2_common/hardware_timer/timer.c.obj
                0x0000000010001424                hardware_alarm_set_callback
 .text.hardware_alarm_set_target
                0x00000000100014b0       0xe0 CMakeFiles/test.dir/usr/share/pico-sdk/src/rp2_common/hardware_timer/timer.c.obj
                0x00000000100014b0                hardware_alarm_set_target
 .text.hardware_alarm_cancel
                0x0000000010001590       0x3c CMakeFiles/test.dir/usr/share/pico-sdk/src/rp2_common/hardware_timer/timer.c.obj
                0x0000000010001590                hardware_alarm_cancel
 .text.lock_init
                0x00000000100015cc       0x10 CMakeFiles/test.dir/usr/share/pico-sdk/src/common/pico_sync/lock_core.c.obj
                0x00000000100015cc                lock_init
 .text.mutex_init
                0x00000000100015dc       0x1c CMakeFiles/test.dir/usr/share/pico-sdk/src/common/pico_sync/mutex.c.obj
                0x00000000100015dc                mutex_init
 .text.recursive_mutex_init
                0x00000000100015f8       0x1c CMakeFiles/test.dir/usr/share/pico-sdk/src/common/pico_sync/mutex.c.obj
                0x00000000100015f8                recursive_mutex_init
 .text.critical_section_init
                0x0000000010001614       0x20 CMakeFiles/test.dir/usr/share/pico-sdk/src/common/pico_sync/critical_section.c.obj
                0x0000000010001614                critical_section_init
 .text.ph_merge_nodes
                0x0000000010001634       0x5c CMakeFiles/test.dir/usr/share/pico-sdk/src/common/pico_util/pheap.c.obj
 .text.ph_post_alloc_init
                0x0000000010001690       0x3c CMakeFiles/test.dir/usr/share/pico-sdk/src/common/pico_util/pheap.c.obj
                0x0000000010001690                ph_post_alloc_init
 .text.ph_merge_two_pass
                0x00000000100016cc       0x90 CMakeFiles/test.dir/usr/share/pico-sdk/src/common/pico_util/pheap.c.obj
                0x00000000100016cc                ph_merge_two_pass
 .text.ph_remove_any_head
                0x000000001000175c       0xf8 CMakeFiles/test.dir/usr/share/pico-sdk/src/common/pico_util/pheap.c.obj
 .text.ph_remove_head
                0x0000000010001854       0xfc CMakeFiles/test.dir/usr/share/pico-sdk/src/common/pico_util/pheap.c.obj
                0x0000000010001854                ph_remove_head
 .text.ph_remove_and_free_node
                0x0000000010001950       0x7c CMakeFiles/test.dir/usr/share/pico-sdk/src/common/pico_util/pheap.c.obj
                0x0000000010001950                ph_remove_and_free_node
 .text.runtime_init
                0x00000000100019cc       0xec CMakeFiles/test.dir/usr/share/pico-sdk/src/rp2_common/pico_runtime/runtime.c.obj
                0x00000000100019cc                runtime_init
 .text.exit     0x0000000010001ab8        0x4 CMakeFiles/test.dir/usr/share/pico-sdk/src/rp2_common/pico_runtime/runtime.c.obj
                0x0000000010001ab8                exit
 .text.panic    0x0000000010001abc       0x30 CMakeFiles/test.dir/usr/share/pico-sdk/src/rp2_common/pico_runtime/runtime.c.obj
                0x0000000010001abc                panic
 .text.hard_assertion_failure
                0x0000000010001aec        0xc CMakeFiles/test.dir/usr/share/pico-sdk/src/rp2_common/pico_runtime/runtime.c.obj
                0x0000000010001aec                hard_assertion_failure
 .text.clocks_init
                0x0000000010001af8      0x2b0 CMakeFiles/test.dir/usr/share/pico-sdk/src/rp2_common/hardware_clocks/clocks.c.obj
                0x0000000010001af8                clocks_init
 .text.clock_get_hz
                0x0000000010001da8        0xc CMakeFiles/test.dir/usr/share/pico-sdk/src/rp2_common/hardware_clocks/clocks.c.obj
                0x0000000010001da8                clock_get_hz
 .text.irq_set_enabled
                0x0000000010001db4       0x24 CMakeFiles/test.dir/usr/share/pico-sdk/src/rp2_common/hardware_irq/irq.c.obj
                0x0000000010001db4                irq_set_enabled
 .text.irq_set_pending
                0x0000000010001dd8       0x10 CMakeFiles/test.dir/usr/share/pico-sdk/src/rp2_common/hardware_irq/irq.c.obj
                0x0000000010001dd8                irq_set_pending
 .text.irq_get_vtable_handler
                0x0000000010001de8       0x10 CMakeFiles/test.dir/usr/share/pico-sdk/src/rp2_common/hardware_irq/irq.c.obj
                0x0000000010001de8                irq_get_vtable_handler
 .text.irq_set_exclusive_handler
                0x0000000010001df8       0x54 CMakeFiles/test.dir/usr/share/pico-sdk/src/rp2_common/hardware_irq/irq.c.obj
                0x0000000010001df8                irq_set_exclusive_handler
 .text.irq_remove_handler
                0x0000000010001e4c      0x1bc CMakeFiles/test.dir/usr/share/pico-sdk/src/rp2_common/hardware_irq/irq.c.obj
                0x0000000010001e4c                irq_remove_handler
 .text.irq_add_tail_to_free_list
                0x0000000010002008       0xb4 CMakeFiles/test.dir/usr/share/pico-sdk/src/rp2_common/hardware_irq/irq.c.obj
                0x0000000010002008                irq_add_tail_to_free_list
 .text.irq_init_priorities
                0x00000000100020bc       0x24 CMakeFiles/test.dir/usr/share/pico-sdk/src/rp2_common/hardware_irq/irq.c.obj
                0x00000000100020bc                irq_init_priorities
 .text.pll_init
                0x00000000100020e0       0xa0 CMakeFiles/test.dir/usr/share/pico-sdk/src/rp2_common/hardware_pll/pll.c.obj
                0x00000000100020e0                pll_init
 .text.watchdog_start_tick
                0x0000000010002180       0x10 CMakeFiles/test.dir/usr/share/pico-sdk/src/rp2_common/hardware_watchdog/watchdog.c.obj
                0x0000000010002180                watchdog_start_tick
 .text.watchdog_reboot
                0x0000000010002190       0x9c CMakeFiles/test.dir/usr/share/pico-sdk/src/rp2_common/hardware_watchdog/watchdog.c.obj
                0x0000000010002190                watchdog_reboot
 .text.xosc_init
                0x000000001000222c       0x28 CMakeFiles/test.dir/usr/share/pico-sdk/src/rp2_common/hardware_xosc/xosc.c.obj
                0x000000001000222c                xosc_init
 .text._out_null
                0x0000000010002254        0x4 CMakeFiles/test.dir/usr/share/pico-sdk/src/rp2_common/pico_printf/printf.c.obj
 .text._out_rev
                0x0000000010002258       0x90 CMakeFiles/test.dir/usr/share/pico-sdk/src/rp2_common/pico_printf/printf.c.obj
 .text._ntoa_format
                0x00000000100022e8      0x1c0 CMakeFiles/test.dir/usr/share/pico-sdk/src/rp2_common/pico_printf/printf.c.obj
 .text._out_char
                0x00000000100024a8       0x10 CMakeFiles/test.dir/usr/share/pico-sdk/src/rp2_common/pico_printf/printf.c.obj
 .text._out_fct
                0x00000000100024b8       0x10 CMakeFiles/test.dir/usr/share/pico-sdk/src/rp2_common/pico_printf/printf.c.obj
 .text._etoa    0x00000000100024c8      0x454 CMakeFiles/test.dir/usr/share/pico-sdk/src/rp2_common/pico_printf/printf.c.obj
 .text._ftoa    0x000000001000291c      0x3d0 CMakeFiles/test.dir/usr/share/pico-sdk/src/rp2_common/pico_printf/printf.c.obj
 .text._vsnprintf
                0x0000000010002cec      0xb70 CMakeFiles/test.dir/usr/share/pico-sdk/src/rp2_common/pico_printf/printf.c.obj
 .text.vfctprintf
                0x000000001000385c       0x20 CMakeFiles/test.dir/usr/share/pico-sdk/src/rp2_common/pico_printf/printf.c.obj
                0x000000001000385c                vfctprintf
 .text.weak_raw_vprintf
                0x000000001000387c       0x30 CMakeFiles/test.dir/usr/share/pico-sdk/src/rp2_common/pico_printf/printf.c.obj
                0x000000001000387c                weak_raw_vprintf
 .text          0x00000000100038ac       0x10 CMakeFiles/test.dir/usr/share/pico-sdk/src/rp2_common/pico_bit_ops/bit_ops_aeabi.S.obj
 .text.rom_func_lookup
                0x00000000100038bc       0x10 CMakeFiles/test.dir/usr/share/pico-sdk/src/rp2_common/pico_bootrom/bootrom.c.obj
                0x00000000100038bc                rom_func_lookup
 .text.rom_data_lookup
                0x00000000100038cc       0x10 CMakeFiles/test.dir/usr/share/pico-sdk/src/rp2_common/pico_bootrom/bootrom.c.obj
                0x00000000100038cc                rom_data_lookup
 .text.rom_funcs_lookup
                0x00000000100038dc       0x44 CMakeFiles/test.dir/usr/share/pico-sdk/src/rp2_common/pico_bootrom/bootrom.c.obj
                0x00000000100038dc                rom_funcs_lookup
 .text.__wrap___aeabi_idiv
                0x0000000010003920       0x50 CMakeFiles/test.dir/usr/share/pico-sdk/src/rp2_common/pico_divider/divider.S.obj
                0x0000000010003920                __wrap___aeabi_idivmod
                0x0000000010003920                divmod_s32s32
                0x0000000010003920                div_s32s32
                0x0000000010003920                __wrap___aeabi_idiv
                0x0000000010003928                divmod_s32s32_unsafe
                0x0000000010003954                divmod_s32s32_savestate
 .text.__wrap___aeabi_uidiv
                0x0000000010003970       0x4c CMakeFiles/test.dir/usr/share/pico-sdk/src/rp2_common/pico_divider/divider.S.obj
                0x0000000010003970                __wrap___aeabi_uidiv
                0x0000000010003970                __wrap___aeabi_uidivmod
                0x0000000010003970                div_u32u32
                0x0000000010003970                divmod_u32u32
                0x0000000010003978                divmod_u32u32_unsafe
                0x00000000100039a0                divmod_u32u32_savestate
 .text.__wrap___aeabi_ldiv
                0x00000000100039bc      0x434 CMakeFiles/test.dir/usr/share/pico-sdk/src/rp2_common/pico_divider/divider.S.obj
                0x00000000100039bc                div_s64s64
                0x00000000100039bc                divmod_s64s64
                0x00000000100039bc                __wrap___aeabi_ldivmod
                0x00000000100039f4                div_u64u64
                0x00000000100039f4                divmod_u64u64
                0x00000000100039f4                __wrap___aeabi_uldivmod
                0x0000000010003a04                divmod_u64u64_savestate
                0x0000000010003a2c                divmod_s64s64_unsafe
                0x0000000010003ab4                divmod_u64u64_unsafe
 .text.__wrap___aeabi_darithmetic
                0x0000000010003df0       0x80 CMakeFiles/test.dir/usr/share/pico-sdk/src/rp2_common/pico_double/double_aeabi.S.obj
                0x0000000010003df0                __wrap___aeabi_drsub
                0x0000000010003df6                __wrap___aeabi_dsub
                0x0000000010003e08                __wrap___aeabi_dadd
                0x0000000010003e1a                __wrap___aeabi_ddiv
                0x0000000010003e56                __wrap___aeabi_dmul
 .text.__wrap___aeabi_cdcmple
                0x0000000010003e70       0x6c CMakeFiles/test.dir/usr/share/pico-sdk/src/rp2_common/pico_double/double_aeabi.S.obj
                0x0000000010003e70                __wrap___aeabi_cdrcmple
                0x0000000010003e80                __wrap___aeabi_cdcmple
                0x0000000010003e80                __wrap___aeabi_cdcmpeq
 .text.__wrap___aeabi_dcmplt
                0x0000000010003edc        0xc CMakeFiles/test.dir/usr/share/pico-sdk/src/rp2_common/pico_double/double_aeabi.S.obj
                0x0000000010003edc                __wrap___aeabi_dcmplt
 .text.__wrap___aeabi_dcmple
                0x0000000010003ee8       0x10 CMakeFiles/test.dir/usr/share/pico-sdk/src/rp2_common/pico_double/double_aeabi.S.obj
                0x0000000010003ee8                __wrap___aeabi_dcmple
 .text.__wrap___aeabi_dcmpge
                0x0000000010003ef8       0x10 CMakeFiles/test.dir/usr/share/pico-sdk/src/rp2_common/pico_double/double_aeabi.S.obj
                0x0000000010003ef8                __wrap___aeabi_dcmpge
 .text.__wrap___aeabi_dcmpgt
                0x0000000010003f08        0xa CMakeFiles/test.dir/usr/share/pico-sdk/src/rp2_common/pico_double/double_aeabi.S.obj
                0x0000000010003f08                __wrap___aeabi_dcmpgt
 .text.__wrap___aeabi_dcmpun
                0x0000000010003f12       0x1c CMakeFiles/test.dir/usr/share/pico-sdk/src/rp2_common/pico_double/double_aeabi.S.obj
                0x0000000010003f12                __wrap___aeabi_dcmpun
 *fill*         0x0000000010003f2e        0x2 
 .text.__wrap___aeabi_i2d
                0x0000000010003f30       0x38 CMakeFiles/test.dir/usr/share/pico-sdk/src/rp2_common/pico_double/double_aeabi.S.obj
                0x0000000010003f30                __wrap___aeabi_ui2d
                0x0000000010003f38                __wrap___aeabi_i2d
 .text.__wrap___aeabi_d2iz
                0x0000000010003f68       0x48 CMakeFiles/test.dir/usr/share/pico-sdk/src/rp2_common/pico_double/double_aeabi.S.obj
                0x0000000010003f68                __wrap___aeabi_d2iz
                0x0000000010003f68                double2int_z
 .text.__wrap___aeabi_d2uiz
                0x0000000010003fb0       0x18 CMakeFiles/test.dir/usr/share/pico-sdk/src/rp2_common/pico_double/double_aeabi.S.obj
                0x0000000010003fb0                double2uint
                0x0000000010003fb0                __wrap___aeabi_d2uiz
 .text.__aeabi_double_init
                0x0000000010003fc8       0x94 CMakeFiles/test.dir/usr/share/pico-sdk/src/rp2_common/pico_double/double_init_rom.c.obj
                0x0000000010003fc8                __aeabi_double_init
 .text.double_table_shim_on_use_helper
                0x000000001000405c       0x2c CMakeFiles/test.dir/usr/share/pico-sdk/src/rp2_common/pico_double/double_v1_rom_shim.S.obj
                0x000000001000405c                double_table_shim_on_use_helper
 .text.__wrap___aeabi_dsub
                0x0000000010004088       0x10 CMakeFiles/test.dir/usr/share/pico-sdk/src/rp2_common/pico_double/double_v1_rom_shim.S.obj
                0x0000000010004088                drsub_shim
                0x000000001000408e                dsub_shim
 .text.dadd_shim
                0x0000000010004098      0x15c CMakeFiles/test.dir/usr/share/pico-sdk/src/rp2_common/pico_double/double_v1_rom_shim.S.obj
                0x0000000010004098                dadd_shim
 .text.dmul_shim
                0x00000000100041f4      0x15c CMakeFiles/test.dir/usr/share/pico-sdk/src/rp2_common/pico_double/double_v1_rom_shim.S.obj
                0x00000000100041f4                dmul_shim
 .text.ddiv_shim
                0x0000000010004350      0x1b0 CMakeFiles/test.dir/usr/share/pico-sdk/src/rp2_common/pico_double/double_v1_rom_shim.S.obj
                0x0000000010004350                ddiv_shim
 .text.double2uint_shim
                0x0000000010004500        0xe CMakeFiles/test.dir/usr/share/pico-sdk/src/rp2_common/pico_double/double_v1_rom_shim.S.obj
                0x0000000010004500                double2uint_shim
                0x0000000010004502                double2ufix_shim
 *fill*         0x000000001000450e        0x2 
 .text.double2uint64_shim
                0x0000000010004510       0x70 CMakeFiles/test.dir/usr/share/pico-sdk/src/rp2_common/pico_double/double_v1_rom_shim.S.obj
                0x0000000010004510                double2uint64_shim
                0x0000000010004512                double2ufix64_shim
                0x0000000010004532                d2fix_a
 .text.dunpacks
                0x0000000010004580       0x3c CMakeFiles/test.dir/usr/share/pico-sdk/src/rp2_common/pico_double/double_v1_rom_shim.S.obj
                0x0000000010004580                dunpacks
 .text.__aeabi_lmul
                0x00000000100045bc       0x32 CMakeFiles/test.dir/usr/share/pico-sdk/src/rp2_common/pico_int64_ops/pico_int64_ops_aeabi.S.obj
                0x00000000100045bc                __wrap___aeabi_lmul
 *fill*         0x00000000100045ee        0x2 
 .text.__aeabi_float_init
                0x00000000100045f0       0x64 CMakeFiles/test.dir/usr/share/pico-sdk/src/rp2_common/pico_float/float_init_rom.c.obj
                0x00000000100045f0                __aeabi_float_init
 .text.float_table_shim_on_use_helper
                0x0000000010004654       0x2c CMakeFiles/test.dir/usr/share/pico-sdk/src/rp2_common/pico_float/float_v1_rom_shim.S.obj
                0x0000000010004654                float_table_shim_on_use_helper
 .text          0x0000000010004680       0x10 CMakeFiles/test.dir/usr/share/pico-sdk/src/rp2_common/pico_mem_ops/mem_ops_aeabi.S.obj
                0x0000000010004680                __aeabi_mem_init
 .text.memset   0x0000000010004690        0xc CMakeFiles/test.dir/usr/share/pico-sdk/src/rp2_common/pico_mem_ops/mem_ops_aeabi.S.obj
                0x0000000010004690                __wrap_memset
 .text.memcpy   0x000000001000469c        0xc CMakeFiles/test.dir/usr/share/pico-sdk/src/rp2_common/pico_mem_ops/mem_ops_aeabi.S.obj
                0x000000001000469c                __wrap___aeabi_memcpy
                0x000000001000469c                __wrap_memcpy
 .text.stdio_out_chars_no_crlf
                0x00000000100046a8       0x10 CMakeFiles/test.dir/usr/share/pico-sdk/src/rp2_common/pico_stdio/stdio.c.obj
 .text.stdio_out_chars_crlf
                0x00000000100046b8       0xa0 CMakeFiles/test.dir/usr/share/pico-sdk/src/rp2_common/pico_stdio/stdio.c.obj
 .text.stdio_buffered_printer
                0x0000000010004758       0x64 CMakeFiles/test.dir/usr/share/pico-sdk/src/rp2_common/pico_stdio/stdio.c.obj
 .text.stdio_put_string.isra.0
                0x00000000100047bc       0xfc CMakeFiles/test.dir/usr/share/pico-sdk/src/rp2_common/pico_stdio/stdio.c.obj
 .text.__wrap_putchar
                0x00000000100048b8       0xa0 CMakeFiles/test.dir/usr/share/pico-sdk/src/rp2_common/pico_stdio/stdio.c.obj
                0x00000000100048b8                __wrap_putchar
 .text.__wrap_puts
                0x0000000010004958       0x3c CMakeFiles/test.dir/usr/share/pico-sdk/src/rp2_common/pico_stdio/stdio.c.obj
                0x0000000010004958                __wrap_puts
 .text.stdio_set_driver_enabled
                0x0000000010004994       0x3c CMakeFiles/test.dir/usr/share/pico-sdk/src/rp2_common/pico_stdio/stdio.c.obj
                0x0000000010004994                stdio_set_driver_enabled
 .text.__wrap_vprintf
                0x00000000100049d0       0xd4 CMakeFiles/test.dir/usr/share/pico-sdk/src/rp2_common/pico_stdio/stdio.c.obj
                0x00000000100049d0                __wrap_vprintf
 .text.__wrap_printf
                0x0000000010004aa4       0x18 CMakeFiles/test.dir/usr/share/pico-sdk/src/rp2_common/pico_stdio/stdio.c.obj
                0x0000000010004aa4                __wrap_printf
 .text.stdio_init_all
                0x0000000010004abc        0xc CMakeFiles/test.dir/usr/share/pico-sdk/src/rp2_common/pico_stdio/stdio.c.obj
                0x0000000010004abc                stdio_init_all
 .text.stdio_uart_out_chars
                0x0000000010004ac8       0x4c CMakeFiles/test.dir/usr/share/pico-sdk/src/rp2_common/pico_stdio_uart/stdio_uart.c.obj
 .text.stdio_uart_in_chars
                0x0000000010004b14       0x38 CMakeFiles/test.dir/usr/share/pico-sdk/src/rp2_common/pico_stdio_uart/stdio_uart.c.obj
                0x0000000010004b14                stdio_uart_in_chars
 .text.stdio_uart_init
                0x0000000010004b4c       0x48 CMakeFiles/test.dir/usr/share/pico-sdk/src/rp2_common/pico_stdio_uart/stdio_uart.c.obj
                0x0000000010004b4c                stdio_uart_init
 .text.resetd_init
                0x0000000010004b94        0x4 CMakeFiles/test.dir/usr/share/pico-sdk/src/rp2_common/pico_stdio_usb/reset_interface.c.obj
 .text.resetd_reset
                0x0000000010004b98        0xc CMakeFiles/test.dir/usr/share/pico-sdk/src/rp2_common/pico_stdio_usb/reset_interface.c.obj
 .text.resetd_open
                0x0000000010004ba4       0x28 CMakeFiles/test.dir/usr/share/pico-sdk/src/rp2_common/pico_stdio_usb/reset_interface.c.obj
 .text.resetd_xfer_cb
                0x0000000010004bcc        0x4 CMakeFiles/test.dir/usr/share/pico-sdk/src/rp2_common/pico_stdio_usb/reset_interface.c.obj
 .text.resetd_control_xfer_cb
                0x0000000010004bd0       0x64 CMakeFiles/test.dir/usr/share/pico-sdk/src/rp2_common/pico_stdio_usb/reset_interface.c.obj
 .text.usbd_app_driver_get_cb
                0x0000000010004c34        0xc CMakeFiles/test.dir/usr/share/pico-sdk/src/rp2_common/pico_stdio_usb/reset_interface.c.obj
                0x0000000010004c34                usbd_app_driver_get_cb
 .text.tud_cdc_line_coding_cb
                0x0000000010004c40       0x34 CMakeFiles/test.dir/usr/share/pico-sdk/src/rp2_common/pico_stdio_usb/reset_interface.c.obj
                0x0000000010004c40                tud_cdc_line_coding_cb
 .text.stdio_usb_in_chars
                0x0000000010004c74       0x68 CMakeFiles/test.dir/usr/share/pico-sdk/src/rp2_common/pico_stdio_usb/stdio_usb.c.obj
                0x0000000010004c74                stdio_usb_in_chars
 .text.stdio_usb_out_chars
                0x0000000010004cdc       0xe8 CMakeFiles/test.dir/usr/share/pico-sdk/src/rp2_common/pico_stdio_usb/stdio_usb.c.obj
 .text.timer_task
                0x0000000010004dc4       0x10 CMakeFiles/test.dir/usr/share/pico-sdk/src/rp2_common/pico_stdio_usb/stdio_usb.c.obj
 .text.low_priority_worker_irq
                0x0000000010004dd4       0x24 CMakeFiles/test.dir/usr/share/pico-sdk/src/rp2_common/pico_stdio_usb/stdio_usb.c.obj
 .text.stdio_usb_init
                0x0000000010004df8       0x90 CMakeFiles/test.dir/usr/share/pico-sdk/src/rp2_common/pico_stdio_usb/stdio_usb.c.obj
                0x0000000010004df8                stdio_usb_init
 .text.tud_descriptor_device_cb
                0x0000000010004e88        0x8 CMakeFiles/test.dir/usr/share/pico-sdk/src/rp2_common/pico_stdio_usb/stdio_usb_descriptors.c.obj
                0x0000000010004e88                tud_descriptor_device_cb
 .text.tud_descriptor_configuration_cb
                0x0000000010004e90        0x8 CMakeFiles/test.dir/usr/share/pico-sdk/src/rp2_common/pico_stdio_usb/stdio_usb_descriptors.c.obj
                0x0000000010004e90                tud_descriptor_configuration_cb
 .text.tud_descriptor_string_cb
                0x0000000010004e98       0x70 CMakeFiles/test.dir/usr/share/pico-sdk/src/rp2_common/pico_stdio_usb/stdio_usb_descriptors.c.obj
                0x0000000010004e98                tud_descriptor_string_cb
 .text.dcd_rp2040_irq
                0x0000000010004f08      0x1cc CMakeFiles/test.dir/usr/share/pico-sdk/lib/tinyusb/src/portable/raspberrypi/rp2040/dcd_rp2040.c.obj
 .text.dcd_int_enable
                0x00000000100050d4        0xc CMakeFiles/test.dir/usr/share/pico-sdk/lib/tinyusb/src/portable/raspberrypi/rp2040/dcd_rp2040.c.obj
                0x00000000100050d4                dcd_int_enable
 .text.dcd_set_address
                0x00000000100050e0       0x14 CMakeFiles/test.dir/usr/share/pico-sdk/lib/tinyusb/src/portable/raspberrypi/rp2040/dcd_rp2040.c.obj
                0x00000000100050e0                dcd_set_address
 .text.dcd_connect
                0x00000000100050f4       0x10 CMakeFiles/test.dir/usr/share/pico-sdk/lib/tinyusb/src/portable/raspberrypi/rp2040/dcd_rp2040.c.obj
                0x00000000100050f4                dcd_connect
 .text.dcd_init
                0x0000000010005104       0xf0 CMakeFiles/test.dir/usr/share/pico-sdk/lib/tinyusb/src/portable/raspberrypi/rp2040/dcd_rp2040.c.obj
                0x0000000010005104                dcd_init
 .text.dcd_edpt0_status_complete
                0x00000000100051f4       0x1c CMakeFiles/test.dir/usr/share/pico-sdk/lib/tinyusb/src/portable/raspberrypi/rp2040/dcd_rp2040.c.obj
                0x00000000100051f4                dcd_edpt0_status_complete
 .text.dcd_edpt_open
                0x0000000010005210       0xf0 CMakeFiles/test.dir/usr/share/pico-sdk/lib/tinyusb/src/portable/raspberrypi/rp2040/dcd_rp2040.c.obj
                0x0000000010005210                dcd_edpt_open
 .text.dcd_edpt_close_all
                0x0000000010005300       0x68 CMakeFiles/test.dir/usr/share/pico-sdk/lib/tinyusb/src/portable/raspberrypi/rp2040/dcd_rp2040.c.obj
                0x0000000010005300                dcd_edpt_close_all
 .text.dcd_edpt_xfer
                0x0000000010005368       0x24 CMakeFiles/test.dir/usr/share/pico-sdk/lib/tinyusb/src/portable/raspberrypi/rp2040/dcd_rp2040.c.obj
                0x0000000010005368                dcd_edpt_xfer
 .text.dcd_edpt_stall
                0x000000001000538c       0x34 CMakeFiles/test.dir/usr/share/pico-sdk/lib/tinyusb/src/portable/raspberrypi/rp2040/dcd_rp2040.c.obj
                0x000000001000538c                dcd_edpt_stall
 .text.dcd_edpt_clear_stall
                0x00000000100053c0       0x30 CMakeFiles/test.dir/usr/share/pico-sdk/lib/tinyusb/src/portable/raspberrypi/rp2040/dcd_rp2040.c.obj
                0x00000000100053c0                dcd_edpt_clear_stall
 .text._hw_endpoint_buffer_control_update32.part.0.isra.0
                0x00000000100053f0       0x1c CMakeFiles/test.dir/usr/share/pico-sdk/lib/tinyusb/src/portable/raspberrypi/rp2040/rp2040_usb.c.obj
 .text.rp2040_usb_init
                0x000000001000540c       0x4c CMakeFiles/test.dir/usr/share/pico-sdk/lib/tinyusb/src/portable/raspberrypi/rp2040/rp2040_usb.c.obj
                0x000000001000540c                rp2040_usb_init
 .text.hw_endpoint_reset_transfer
                0x0000000010005458        0xc CMakeFiles/test.dir/usr/share/pico-sdk/lib/tinyusb/src/portable/raspberrypi/rp2040/rp2040_usb.c.obj
                0x0000000010005458                hw_endpoint_reset_transfer
 .text._hw_endpoint_buffer_control_update32
                0x0000000010005464       0x44 CMakeFiles/test.dir/usr/share/pico-sdk/lib/tinyusb/src/portable/raspberrypi/rp2040/rp2040_usb.c.obj
                0x0000000010005464                _hw_endpoint_buffer_control_update32
 .text.hw_endpoint_xfer_start
                0x00000000100054a8      0x134 CMakeFiles/test.dir/usr/share/pico-sdk/lib/tinyusb/src/portable/raspberrypi/rp2040/rp2040_usb.c.obj
                0x00000000100054a8                hw_endpoint_xfer_start
 .text.hw_endpoint_xfer_continue
                0x00000000100055dc      0x1dc CMakeFiles/test.dir/usr/share/pico-sdk/lib/tinyusb/src/portable/raspberrypi/rp2040/rp2040_usb.c.obj
                0x00000000100055dc                hw_endpoint_xfer_continue
 .text.tud_mounted
                0x00000000100057b8       0x10 CMakeFiles/test.dir/usr/share/pico-sdk/lib/tinyusb/src/device/usbd.c.obj
                0x00000000100057b8                tud_mounted
 .text.tud_suspended
                0x00000000100057c8       0x10 CMakeFiles/test.dir/usr/share/pico-sdk/lib/tinyusb/src/device/usbd.c.obj
                0x00000000100057c8                tud_suspended
 .text.tud_inited
                0x00000000100057d8        0xc CMakeFiles/test.dir/usr/share/pico-sdk/lib/tinyusb/src/device/usbd.c.obj
                0x00000000100057d8                tud_inited
 .text.tud_init
                0x00000000100057e4       0xd8 CMakeFiles/test.dir/usr/share/pico-sdk/lib/tinyusb/src/device/usbd.c.obj
                0x00000000100057e4                tud_init
 .text.tud_task
                0x00000000100058bc      0x93c CMakeFiles/test.dir/usr/share/pico-sdk/lib/tinyusb/src/device/usbd.c.obj
                0x00000000100058bc                tud_task
 .text.dcd_event_bus_signal
                0x00000000100061f8      0x120 CMakeFiles/test.dir/usr/share/pico-sdk/lib/tinyusb/src/device/usbd.c.obj
                0x00000000100061f8                dcd_event_bus_signal
 .text.dcd_event_bus_reset
                0x0000000010006318       0x54 CMakeFiles/test.dir/usr/share/pico-sdk/lib/tinyusb/src/device/usbd.c.obj
                0x0000000010006318                dcd_event_bus_reset
 .text.dcd_event_setup_received
                0x000000001000636c       0x50 CMakeFiles/test.dir/usr/share/pico-sdk/lib/tinyusb/src/device/usbd.c.obj
                0x000000001000636c                dcd_event_setup_received
 .text.dcd_event_xfer_complete
                0x00000000100063bc       0x68 CMakeFiles/test.dir/usr/share/pico-sdk/lib/tinyusb/src/device/usbd.c.obj
                0x00000000100063bc                dcd_event_xfer_complete
 .text.usbd_open_edpt_pair
                0x0000000010006424       0x80 CMakeFiles/test.dir/usr/share/pico-sdk/lib/tinyusb/src/device/usbd.c.obj
                0x0000000010006424                usbd_open_edpt_pair
 .text.usbd_edpt_open
                0x00000000100064a4       0x30 CMakeFiles/test.dir/usr/share/pico-sdk/lib/tinyusb/src/device/usbd.c.obj
                0x00000000100064a4                usbd_edpt_open
 .text.usbd_edpt_claim
                0x00000000100064d4       0x64 CMakeFiles/test.dir/usr/share/pico-sdk/lib/tinyusb/src/device/usbd.c.obj
                0x00000000100064d4                usbd_edpt_claim
 .text.usbd_edpt_release
                0x0000000010006538       0x4c CMakeFiles/test.dir/usr/share/pico-sdk/lib/tinyusb/src/device/usbd.c.obj
                0x0000000010006538                usbd_edpt_release
 .text.usbd_edpt_xfer
                0x0000000010006584       0x48 CMakeFiles/test.dir/usr/share/pico-sdk/lib/tinyusb/src/device/usbd.c.obj
                0x0000000010006584                usbd_edpt_xfer
 .text.tud_control_status
                0x00000000100065cc       0x2c CMakeFiles/test.dir/usr/share/pico-sdk/lib/tinyusb/src/device/usbd_control.c.obj
                0x00000000100065cc                tud_control_status
 .text.tud_control_xfer
                0x00000000100065f8       0xac CMakeFiles/test.dir/usr/share/pico-sdk/lib/tinyusb/src/device/usbd_control.c.obj
                0x00000000100065f8                tud_control_xfer
 .text.usbd_control_reset
                0x00000000100066a4       0x14 CMakeFiles/test.dir/usr/share/pico-sdk/lib/tinyusb/src/device/usbd_control.c.obj
                0x00000000100066a4                usbd_control_reset
 .text.usbd_control_set_complete_callback
                0x00000000100066b8        0xc CMakeFiles/test.dir/usr/share/pico-sdk/lib/tinyusb/src/device/usbd_control.c.obj
                0x00000000100066b8                usbd_control_set_complete_callback
 .text.usbd_control_set_request
                0x00000000100066c4       0x1c CMakeFiles/test.dir/usr/share/pico-sdk/lib/tinyusb/src/device/usbd_control.c.obj
                0x00000000100066c4                usbd_control_set_request
 .text.usbd_control_xfer_cb
                0x00000000100066e0       0xf4 CMakeFiles/test.dir/usr/share/pico-sdk/lib/tinyusb/src/device/usbd_control.c.obj
                0x00000000100066e0                usbd_control_xfer_cb
 .text.tud_cdc_n_connected
                0x00000000100067d4       0x30 CMakeFiles/test.dir/usr/share/pico-sdk/lib/tinyusb/src/class/cdc/cdc_device.c.obj
                0x00000000100067d4                tud_cdc_n_connected
 .text.tud_cdc_n_available
                0x0000000010006804       0x18 CMakeFiles/test.dir/usr/share/pico-sdk/lib/tinyusb/src/class/cdc/cdc_device.c.obj
                0x0000000010006804                tud_cdc_n_available
 .text.tud_cdc_n_read
                0x000000001000681c       0x70 CMakeFiles/test.dir/usr/share/pico-sdk/lib/tinyusb/src/class/cdc/cdc_device.c.obj
                0x000000001000681c                tud_cdc_n_read
 .text.tud_cdc_n_write_flush
                0x000000001000688c       0x78 CMakeFiles/test.dir/usr/share/pico-sdk/lib/tinyusb/src/class/cdc/cdc_device.c.obj
                0x000000001000688c                tud_cdc_n_write_flush
 .text.tud_cdc_n_write
                0x0000000010006904       0x34 CMakeFiles/test.dir/usr/share/pico-sdk/lib/tinyusb/src/class/cdc/cdc_device.c.obj
                0x0000000010006904                tud_cdc_n_write
 .text.tud_cdc_n_write_available
                0x0000000010006938       0x18 CMakeFiles/test.dir/usr/share/pico-sdk/lib/tinyusb/src/class/cdc/cdc_device.c.obj
                0x0000000010006938                tud_cdc_n_write_available
 .text.cdcd_init
                0x0000000010006950       0x7c CMakeFiles/test.dir/usr/share/pico-sdk/lib/tinyusb/src/class/cdc/cdc_device.c.obj
                0x0000000010006950                cdcd_init
 .text.cdcd_reset
                0x00000000100069cc       0x2c CMakeFiles/test.dir/usr/share/pico-sdk/lib/tinyusb/src/class/cdc/cdc_device.c.obj
                0x00000000100069cc                cdcd_reset
 .text.cdcd_open
                0x00000000100069f8       0xe4 CMakeFiles/test.dir/usr/share/pico-sdk/lib/tinyusb/src/class/cdc/cdc_device.c.obj
                0x00000000100069f8                cdcd_open
 .text.cdcd_control_xfer_cb
                0x0000000010006adc       0xe4 CMakeFiles/test.dir/usr/share/pico-sdk/lib/tinyusb/src/class/cdc/cdc_device.c.obj
                0x0000000010006adc                cdcd_control_xfer_cb
 .text.cdcd_xfer_cb
                0x0000000010006bc0      0x148 CMakeFiles/test.dir/usr/share/pico-sdk/lib/tinyusb/src/class/cdc/cdc_device.c.obj
                0x0000000010006bc0                cdcd_xfer_cb
 .text.tusb_init
                0x0000000010006d08        0xc CMakeFiles/test.dir/usr/share/pico-sdk/lib/tinyusb/src/tusb.c.obj
                0x0000000010006d08                tusb_init
 .text.tusb_inited
                0x0000000010006d14        0x8 CMakeFiles/test.dir/usr/share/pico-sdk/lib/tinyusb/src/tusb.c.obj
                0x0000000010006d14                tusb_inited
 .text.tu_edpt_validate
                0x0000000010006d1c       0x78 CMakeFiles/test.dir/usr/share/pico-sdk/lib/tinyusb/src/tusb.c.obj
                0x0000000010006d1c                tu_edpt_validate
 .text.tu_edpt_bind_driver
                0x0000000010006d94       0x2c CMakeFiles/test.dir/usr/share/pico-sdk/lib/tinyusb/src/tusb.c.obj
                0x0000000010006d94                tu_edpt_bind_driver
 .text.tu_fifo_config
                0x0000000010006dc0       0x78 CMakeFiles/test.dir/usr/share/pico-sdk/lib/tinyusb/src/common/tusb_fifo.c.obj
                0x0000000010006dc0                tu_fifo_config
 .text.tu_fifo_count
                0x0000000010006e38       0x20 CMakeFiles/test.dir/usr/share/pico-sdk/lib/tinyusb/src/common/tusb_fifo.c.obj
                0x0000000010006e38                tu_fifo_count
 .text.tu_fifo_empty
                0x0000000010006e58       0x10 CMakeFiles/test.dir/usr/share/pico-sdk/lib/tinyusb/src/common/tusb_fifo.c.obj
                0x0000000010006e58                tu_fifo_empty
 .text.tu_fifo_remaining
                0x0000000010006e68       0x1c CMakeFiles/test.dir/usr/share/pico-sdk/lib/tinyusb/src/common/tusb_fifo.c.obj
                0x0000000010006e68                tu_fifo_remaining
 .text.tu_fifo_read
                0x0000000010006e84       0x9c CMakeFiles/test.dir/usr/share/pico-sdk/lib/tinyusb/src/common/tusb_fifo.c.obj
                0x0000000010006e84                tu_fifo_read
 .text.tu_fifo_read_n
                0x0000000010006f20       0xfc CMakeFiles/test.dir/usr/share/pico-sdk/lib/tinyusb/src/common/tusb_fifo.c.obj
                0x0000000010006f20                tu_fifo_read_n
 .text.tu_fifo_write
                0x000000001000701c       0x7c CMakeFiles/test.dir/usr/share/pico-sdk/lib/tinyusb/src/common/tusb_fifo.c.obj
                0x000000001000701c                tu_fifo_write
 .text.tu_fifo_write_n
                0x0000000010007098       0xfc CMakeFiles/test.dir/usr/share/pico-sdk/lib/tinyusb/src/common/tusb_fifo.c.obj
                0x0000000010007098                tu_fifo_write_n
 .text.tu_fifo_clear
                0x0000000010007194       0x4c CMakeFiles/test.dir/usr/share/pico-sdk/lib/tinyusb/src/common/tusb_fifo.c.obj
                0x0000000010007194                tu_fifo_clear
 .text.tu_fifo_set_overwritable
                0x00000000100071e0       0x3c CMakeFiles/test.dir/usr/share/pico-sdk/lib/tinyusb/src/common/tusb_fifo.c.obj
                0x00000000100071e0                tu_fifo_set_overwritable
 .text.startup._retrieve_unique_id_on_boot
                0x000000001000721c       0x10 CMakeFiles/test.dir/usr/share/pico-sdk/src/rp2_common/pico_unique_id/unique_id.c.obj
 .text.pico_get_unique_board_id_string
                0x000000001000722c      0x1a8 CMakeFiles/test.dir/usr/share/pico-sdk/src/rp2_common/pico_unique_id/unique_id.c.obj
                0x000000001000722c                pico_get_unique_board_id_string
 .text.flash_get_unique_id
                0x00000000100073d4       0x40 CMakeFiles/test.dir/usr/share/pico-sdk/src/rp2_common/hardware_flash/flash.c.obj
                0x00000000100073d4                flash_get_unique_id
 .text.i2c_set_baudrate
                0x0000000010007414       0xc4 CMakeFiles/test.dir/usr/share/pico-sdk/src/rp2_common/hardware_i2c/i2c.c.obj
                0x0000000010007414                i2c_set_baudrate
 .text.i2c_init
                0x00000000100074d8       0x54 CMakeFiles/test.dir/usr/share/pico-sdk/src/rp2_common/hardware_i2c/i2c.c.obj
                0x00000000100074d8                i2c_init
 .text.i2c_write_blocking
                0x000000001000752c       0xcc CMakeFiles/test.dir/usr/share/pico-sdk/src/rp2_common/hardware_i2c/i2c.c.obj
                0x000000001000752c                i2c_write_blocking
 .text.i2c_read_blocking
                0x00000000100075f8       0xac CMakeFiles/test.dir/usr/share/pico-sdk/src/rp2_common/hardware_i2c/i2c.c.obj
                0x00000000100075f8                i2c_read_blocking
 .text.atexit   0x00000000100076a4       0x10 /usr/lib/gcc/arm-none-eabi/11.2.0/../../../../arm-none-eabi/lib/thumb/v6-m/nofp/libc.a(lib_a-atexit.o)
                0x00000000100076a4                atexit
 .text.__libc_fini_array
                0x00000000100076b4       0x28 /usr/lib/gcc/arm-none-eabi/11.2.0/../../../../arm-none-eabi/lib/thumb/v6-m/nofp/libc.a(lib_a-fini.o)
                0x00000000100076b4                __libc_fini_array
 .text.strlen   0x00000000100076dc       0x5c /usr/lib/gcc/arm-none-eabi/11.2.0/../../../../arm-none-eabi/lib/thumb/v6-m/nofp/libc.a(lib_a-strlen-stub.o)
                0x00000000100076dc                strlen
 .text.__register_exitproc
                0x0000000010007738       0xb0 /usr/lib/gcc/arm-none-eabi/11.2.0/../../../../arm-none-eabi/lib/thumb/v6-m/nofp/libc.a(lib_a-__atexit.o)
                0x0000000010007738                __register_exitproc
 .text.startup.register_fini
                0x00000000100077e8       0x18 /usr/lib/gcc/arm-none-eabi/11.2.0/../../../../arm-none-eabi/lib/thumb/v6-m/nofp/libc.a(lib_a-__call_atexit.o)
 .text.__retarget_lock_acquire_recursive
                0x0000000010007800        0x4 /usr/lib/gcc/arm-none-eabi/11.2.0/../../../../arm-none-eabi/lib/thumb/v6-m/nofp/libc.a(lib_a-lock.o)
                0x0000000010007800                __retarget_lock_acquire_recursive
 .text.__retarget_lock_release_recursive
                0x0000000010007804        0x4 /usr/lib/gcc/arm-none-eabi/11.2.0/../../../../arm-none-eabi/lib/thumb/v6-m/nofp/libc.a(lib_a-lock.o)
                0x0000000010007804                __retarget_lock_release_recursive
 *(.fini)
 .fini          0x0000000010007808        0x4 /usr/lib/gcc/arm-none-eabi/11.2.0/thumb/v6-m/nofp/crti.o
                0x0000000010007808                _fini
 *fill*         0x000000001000780c        0x4 
 .fini.__stub   0x0000000010007810       0x70 linker stubs
 *crtbegin.o(.ctors)
 *crtbegin?.o(.ctors)
 *(EXCLUDE_FILE(*crtend.o *crtend?.o) .ctors)
 *(SORT_BY_NAME(.ctors.*))
 *(.ctors)
 *crtbegin.o(.dtors)
 *crtbegin?.o(.dtors)
 *(EXCLUDE_FILE(*crtend.o *crtend?.o) .dtors)
 *(SORT_BY_NAME(.dtors.*))
 *(.dtors)
 *(.eh_frame*)
 .eh_frame      0x0000000010007880        0x0 /usr/lib/gcc/arm-none-eabi/11.2.0/thumb/v6-m/nofp/crtbegin.o
                0x0000000010007880                . = ALIGN (0x4)

.glue_7         0x0000000010007880        0x0
 .glue_7        0x0000000010007880        0x0 linker stubs

.glue_7t        0x0000000010007880        0x0
 .glue_7t       0x0000000010007880        0x0 linker stubs

.vfp11_veneer   0x0000000010007880        0x0
 .vfp11_veneer  0x0000000010007880        0x0 linker stubs

.v4_bx          0x0000000010007880        0x0
 .v4_bx         0x0000000010007880        0x0 linker stubs

.iplt           0x0000000010007880        0x0
 .iplt          0x0000000010007880        0x0 /usr/lib/gcc/arm-none-eabi/11.2.0/thumb/v6-m/nofp/crtbegin.o

.rodata         0x0000000010007880      0x5a8
 *(EXCLUDE_FILE(*libm.a: *libc.a:*lib_a-mem*.o *libgcc.a:) .rodata*)
 .rodata.main.str1.4
                0x0000000010007880       0x78 CMakeFiles/test.dir/src/main.cpp.obj
 .rodata.str1.4
                0x00000000100078f8       0x17 CMakeFiles/test.dir/src/main.cpp.obj
 *fill*         0x000000001000790f        0x1 
 .rodata        0x0000000010007910        0x6 CMakeFiles/test.dir/src/main.cpp.obj
 .rodata._ZL14STATUS_MESSAGE
                0x0000000010007916        0x1 CMakeFiles/test.dir/src/main.cpp.obj
 *fill*         0x0000000010007917        0x1 
 .rodata._ZL6INIT_1
                0x0000000010007918        0x2 CMakeFiles/test.dir/src/main.cpp.obj
 *fill*         0x000000001000791a        0x2 
 .rodata._ZL6INIT_2
                0x000000001000791c        0x2 CMakeFiles/test.dir/src/main.cpp.obj
 *fill*         0x000000001000791e        0x2 
 .rodata._ZZ4mainE7__bi_24
                0x0000000010007920        0xc CMakeFiles/test.dir/src/main.cpp.obj
 .rodata._ZZ4mainE7__bi_25
                0x000000001000792c        0x8 CMakeFiles/test.dir/src/main.cpp.obj
 .rodata.spin_lock_claim_unused.str1.4
                0x0000000010007934       0x1b CMakeFiles/test.dir/usr/share/pico-sdk/src/rp2_common/hardware_sync/sync.c.obj
 *fill*         0x000000001000794f        0x1 
 .rodata.hardware_alarm_claim.str1.4
                0x0000000010007950       0x22 CMakeFiles/test.dir/usr/share/pico-sdk/src/rp2_common/hardware_timer/timer.c.obj
 *fill*         0x0000000010007972        0x2 
 .rodata.panic.str1.4
                0x0000000010007974       0x12 CMakeFiles/test.dir/usr/share/pico-sdk/src/rp2_common/pico_runtime/runtime.c.obj
 *fill*         0x0000000010007986        0x2 
 .rodata.hard_assertion_failure.str1.4
                0x0000000010007988        0xc CMakeFiles/test.dir/usr/share/pico-sdk/src/rp2_common/pico_runtime/runtime.c.obj
 .rodata._ftoa.str1.4
                0x0000000010007994       0x15 CMakeFiles/test.dir/usr/share/pico-sdk/src/rp2_common/pico_printf/printf.c.obj
 *fill*         0x00000000100079a9        0x3 
 .rodata._vsnprintf
                0x00000000100079ac      0x19c CMakeFiles/test.dir/usr/share/pico-sdk/src/rp2_common/pico_printf/printf.c.obj
 .rodata.pow10.0
                0x0000000010007b48       0x50 CMakeFiles/test.dir/usr/share/pico-sdk/src/rp2_common/pico_printf/printf.c.obj
 .rodata.str1.4
                0x0000000010007b98       0x3c CMakeFiles/test.dir/usr/share/pico-sdk/src/rp2_common/pico_standard_link/binary_info.c.obj
 .rodata.__bi_44
                0x0000000010007bd4        0xc CMakeFiles/test.dir/usr/share/pico-sdk/src/rp2_common/pico_standard_link/binary_info.c.obj
 .rodata.__bi_75
                0x0000000010007be0        0xc CMakeFiles/test.dir/usr/share/pico-sdk/src/rp2_common/pico_standard_link/binary_info.c.obj
 .rodata.__bi_81
                0x0000000010007bec        0xc CMakeFiles/test.dir/usr/share/pico-sdk/src/rp2_common/pico_standard_link/binary_info.c.obj
 .rodata.crlf_str.0
                0x0000000010007bf8        0x2 CMakeFiles/test.dir/usr/share/pico-sdk/src/rp2_common/pico_stdio/stdio.c.obj
 *fill*         0x0000000010007bfa        0x2 
 .rodata.str1.4
                0x0000000010007bfc       0x2c CMakeFiles/test.dir/usr/share/pico-sdk/src/rp2_common/pico_stdio_uart/stdio_uart.c.obj
 .rodata.__bi_28.4
                0x0000000010007c28        0xc CMakeFiles/test.dir/usr/share/pico-sdk/src/rp2_common/pico_stdio_uart/stdio_uart.c.obj
 .rodata.__bi_29.5
                0x0000000010007c34        0x8 CMakeFiles/test.dir/usr/share/pico-sdk/src/rp2_common/pico_stdio_uart/stdio_uart.c.obj
 .rodata._resetd_driver
                0x0000000010007c3c       0x18 CMakeFiles/test.dir/usr/share/pico-sdk/src/rp2_common/pico_stdio_usb/reset_interface.c.obj
 .rodata.str1.4
                0x0000000010007c54       0x13 CMakeFiles/test.dir/usr/share/pico-sdk/src/rp2_common/pico_stdio_usb/stdio_usb.c.obj
 *fill*         0x0000000010007c67        0x1 
 .rodata.__bi_93.0
                0x0000000010007c68        0xc CMakeFiles/test.dir/usr/share/pico-sdk/src/rp2_common/pico_stdio_usb/stdio_usb.c.obj
 .rodata.str1.4
                0x0000000010007c74       0x2a CMakeFiles/test.dir/usr/share/pico-sdk/src/rp2_common/pico_stdio_usb/stdio_usb_descriptors.c.obj
 *fill*         0x0000000010007c9e        0x2 
 .rodata.usbd_desc_cfg
                0x0000000010007ca0       0x54 CMakeFiles/test.dir/usr/share/pico-sdk/src/rp2_common/pico_stdio_usb/stdio_usb_descriptors.c.obj
 .rodata.usbd_desc_device
                0x0000000010007cf4       0x12 CMakeFiles/test.dir/usr/share/pico-sdk/src/rp2_common/pico_stdio_usb/stdio_usb_descriptors.c.obj
 *fill*         0x0000000010007d06        0x2 
 .rodata.usbd_desc_str
                0x0000000010007d08       0x18 CMakeFiles/test.dir/usr/share/pico-sdk/src/rp2_common/pico_stdio_usb/stdio_usb_descriptors.c.obj
 .rodata.dcd_rp2040_irq.str1.4
                0x0000000010007d20       0x14 CMakeFiles/test.dir/usr/share/pico-sdk/lib/tinyusb/src/portable/raspberrypi/rp2040/dcd_rp2040.c.obj
 .rodata._hw_endpoint_buffer_control_update32.part.0.isra.0.str1.4
                0x0000000010007d34       0x1f CMakeFiles/test.dir/usr/share/pico-sdk/lib/tinyusb/src/portable/raspberrypi/rp2040/rp2040_usb.c.obj
 *fill*         0x0000000010007d53        0x1 
 .rodata.hw_endpoint_xfer_continue.str1.4
                0x0000000010007d54       0x29 CMakeFiles/test.dir/usr/share/pico-sdk/lib/tinyusb/src/portable/raspberrypi/rp2040/rp2040_usb.c.obj
 .rodata.str1.4
                0x0000000010007d7d       0x29 CMakeFiles/test.dir/usr/share/pico-sdk/lib/tinyusb/src/portable/raspberrypi/rp2040/rp2040_usb.c.obj
                                          0x7 (size before relaxing)
 *fill*         0x0000000010007d7d        0x3 
 .rodata.tud_task
                0x0000000010007d80       0x8c CMakeFiles/test.dir/usr/share/pico-sdk/lib/tinyusb/src/device/usbd.c.obj
 .rodata._usbd_driver
                0x0000000010007e0c       0x18 CMakeFiles/test.dir/usr/share/pico-sdk/lib/tinyusb/src/device/usbd.c.obj
 .rodata._global_impure_ptr
                0x0000000010007e24        0x4 /usr/lib/gcc/arm-none-eabi/11.2.0/../../../../arm-none-eabi/lib/thumb/v6-m/nofp/libc.a(lib_a-impure.o)
                0x0000000010007e24                _global_impure_ptr
                0x0000000010007e28                . = ALIGN (0x4)
 *(SORT_BY_ALIGNMENT(SORT_BY_NAME(.flashdata*)))
                0x0000000010007e28                . = ALIGN (0x4)

.rel.dyn        0x0000000010007e28        0x0
 .rel.iplt      0x0000000010007e28        0x0 /usr/lib/gcc/arm-none-eabi/11.2.0/thumb/v6-m/nofp/crtbegin.o

.ARM.extab
 *(.ARM.extab* .gnu.linkonce.armextab.*)
                0x0000000010007e28                __exidx_start = .

.ARM.exidx
 *(.ARM.exidx* .gnu.linkonce.armexidx.*)
                0x0000000010007e28                __exidx_end = .
                0x0000000010007e28                . = ALIGN (0x4)
                0x0000000010007e28                __binary_info_start = .

.binary_info    0x0000000010007e28       0x30
 *(.binary_info.keep.*)
 .binary_info.keep.__bi_ptr24
                0x0000000010007e28        0x4 CMakeFiles/test.dir/src/main.cpp.obj
 .binary_info.keep.__bi_ptr25
                0x0000000010007e2c        0x4 CMakeFiles/test.dir/src/main.cpp.obj
 .binary_info.keep.__bi_ptr22
                0x0000000010007e30        0x4 CMakeFiles/test.dir/usr/share/pico-sdk/src/rp2_common/pico_standard_link/binary_info.c.obj
 .binary_info.keep.__bi_ptr30
                0x0000000010007e34        0x4 CMakeFiles/test.dir/usr/share/pico-sdk/src/rp2_common/pico_standard_link/binary_info.c.obj
 .binary_info.keep.__bi_ptr38
                0x0000000010007e38        0x4 CMakeFiles/test.dir/usr/share/pico-sdk/src/rp2_common/pico_standard_link/binary_info.c.obj
 .binary_info.keep.__bi_ptr44
                0x0000000010007e3c        0x4 CMakeFiles/test.dir/usr/share/pico-sdk/src/rp2_common/pico_standard_link/binary_info.c.obj
 .binary_info.keep.__bi_ptr50
                0x0000000010007e40        0x4 CMakeFiles/test.dir/usr/share/pico-sdk/src/rp2_common/pico_standard_link/binary_info.c.obj
 .binary_info.keep.__bi_ptr75
                0x0000000010007e44        0x4 CMakeFiles/test.dir/usr/share/pico-sdk/src/rp2_common/pico_standard_link/binary_info.c.obj
 .binary_info.keep.__bi_ptr81
                0x0000000010007e48        0x4 CMakeFiles/test.dir/usr/share/pico-sdk/src/rp2_common/pico_standard_link/binary_info.c.obj
 *(.binary_info.*)
 .binary_info.__bi_ptr28
                0x0000000010007e4c        0x4 CMakeFiles/test.dir/usr/share/pico-sdk/src/rp2_common/pico_stdio_uart/stdio_uart.c.obj
 .binary_info.__bi_ptr29
                0x0000000010007e50        0x4 CMakeFiles/test.dir/usr/share/pico-sdk/src/rp2_common/pico_stdio_uart/stdio_uart.c.obj
 .binary_info.__bi_ptr93
                0x0000000010007e54        0x4 CMakeFiles/test.dir/usr/share/pico-sdk/src/rp2_common/pico_stdio_usb/stdio_usb.c.obj
                0x0000000010007e58                __binary_info_end = .
                0x0000000010007e58                . = ALIGN (0x4)
                0x0000000010007e58                __etext = .

.ram_vector_table
                0x0000000020000000       0xc0
 *(.ram_vector_table)
 .ram_vector_table
                0x0000000020000000       0xc0 CMakeFiles/test.dir/usr/share/pico-sdk/src/rp2_common/pico_runtime/runtime.c.obj
                0x0000000020000000                ram_vector_table

.data           0x00000000200000c0      0x828 load address 0x0000000010007e58
                0x00000000200000c0                __data_start__ = .
 *(vtable)
 *(.time_critical*)
 .time_critical.mutex_enter_blocking
                0x00000000200000c0       0x48 CMakeFiles/test.dir/usr/share/pico-sdk/src/common/pico_sync/mutex.c.obj
                0x00000000200000c0                mutex_enter_blocking
 .time_critical.mutex_try_enter
                0x0000000020000108       0x44 CMakeFiles/test.dir/usr/share/pico-sdk/src/common/pico_sync/mutex.c.obj
                0x0000000020000108                mutex_try_enter
 .time_critical.mutex_enter_timeout_ms
                0x000000002000014c       0xa0 CMakeFiles/test.dir/usr/share/pico-sdk/src/common/pico_sync/mutex.c.obj
                0x000000002000014c                mutex_enter_timeout_ms
 .time_critical.mutex_exit
                0x00000000200001ec       0x28 CMakeFiles/test.dir/usr/share/pico-sdk/src/common/pico_sync/mutex.c.obj
                0x00000000200001ec                mutex_exit
 .time_critical.flash_init_boot2_copyout
                0x0000000020000214       0x30 CMakeFiles/test.dir/usr/share/pico-sdk/src/rp2_common/hardware_flash/flash.c.obj
 .time_critical.flash_enable_xip_via_boot2
                0x0000000020000244       0x10 CMakeFiles/test.dir/usr/share/pico-sdk/src/rp2_common/hardware_flash/flash.c.obj
 .time_critical.flash_cs_force
                0x0000000020000254       0x38 CMakeFiles/test.dir/usr/share/pico-sdk/src/rp2_common/hardware_flash/flash.c.obj
 .time_critical.flash_do_cmd
                0x000000002000028c       0xc4 CMakeFiles/test.dir/usr/share/pico-sdk/src/rp2_common/hardware_flash/flash.c.obj
                0x000000002000028c                flash_do_cmd
 *(.text*)
 .text          0x0000000020000350        0x4 /usr/lib/gcc/arm-none-eabi/11.2.0/thumb/v6-m/nofp/libgcc.a(_dvmd_tls.o)
                0x0000000020000350                __aeabi_ldiv0
                0x0000000020000350                __aeabi_idiv0
 *fill*         0x0000000020000354        0x4 
 .text.__stub   0x0000000020000358       0x30 linker stubs
                0x0000000020000388                . = ALIGN (0x4)
 *(.rodata*)
                0x0000000020000388                . = ALIGN (0x4)
 *(.data*)
 .data.responseBuffer
                0x0000000020000388        0xa CMakeFiles/test.dir/pico-joybus-comms/src/joybusComms.cpp.obj
                0x0000000020000388                responseBuffer
 *fill*         0x0000000020000392        0x2 
 .data.responsePointer
                0x0000000020000394        0x4 CMakeFiles/test.dir/pico-joybus-comms/src/joybusComms.cpp.obj
                0x0000000020000394                responsePointer
 .data.striped_spin_lock_num
                0x0000000020000398        0x1 CMakeFiles/test.dir/usr/share/pico-sdk/src/rp2_common/hardware_sync/sync.c.obj
 *fill*         0x0000000020000399        0x3 
 .data.default_alarm_pool
                0x000000002000039c       0x18 CMakeFiles/test.dir/usr/share/pico-sdk/src/common/pico_time/time.c.obj
 .data.default_alarm_pool_heap
                0x00000000200003b4       0x10 CMakeFiles/test.dir/usr/share/pico-sdk/src/common/pico_time/time.c.obj
 .data          0x00000000200003c4       0x48 CMakeFiles/test.dir/usr/share/pico-sdk/src/rp2_common/hardware_irq/irq_handler_chain.S.obj
                0x00000000200003c4                irq_handler_chain_slots
                0x00000000200003f4                irq_handler_chain_first_slot
                0x00000000200003fe                irq_handler_chain_remove_tail
 *fill*         0x000000002000040c        0x4 
 .data.aeabi_bits_funcs
                0x0000000020000410       0x10 CMakeFiles/test.dir/usr/share/pico-sdk/src/rp2_common/pico_bit_ops/bit_ops_aeabi.S.obj
                0x0000000020000410                aeabi_bits_funcs
                0x0000000020000420                aeabi_bits_funcs_end
 .data.aeabi_mem_funcs
                0x0000000020000420       0x10 CMakeFiles/test.dir/usr/share/pico-sdk/src/rp2_common/pico_mem_ops/mem_ops_aeabi.S.obj
                0x0000000020000420                aeabi_mem_funcs
                0x0000000020000430                aeabi_mem_funcs_end
 .data.stdio_uart
                0x0000000020000430       0x14 CMakeFiles/test.dir/usr/share/pico-sdk/src/rp2_common/pico_stdio_uart/stdio_uart.c.obj
                0x0000000020000430                stdio_uart
 .data.stdio_usb
                0x0000000020000444       0x14 CMakeFiles/test.dir/usr/share/pico-sdk/src/rp2_common/pico_stdio_usb/stdio_usb.c.obj
                0x0000000020000444                stdio_usb
 .data.ep_dir_string
                0x0000000020000458        0x8 CMakeFiles/test.dir/usr/share/pico-sdk/lib/tinyusb/src/portable/raspberrypi/rp2040/rp2040_usb.c.obj
                0x0000000020000458                ep_dir_string
 .data._usbd_qdef
                0x0000000020000460       0x24 CMakeFiles/test.dir/usr/share/pico-sdk/lib/tinyusb/src/device/usbd.c.obj
                0x0000000020000460                _usbd_qdef
 .data.i2c0_inst
                0x0000000020000484        0x8 CMakeFiles/test.dir/usr/share/pico-sdk/src/rp2_common/hardware_i2c/i2c.c.obj
                0x0000000020000484                i2c0_inst
 *fill*         0x000000002000048c        0x4 
 .data.impure_data
                0x0000000020000490      0x428 /usr/lib/gcc/arm-none-eabi/11.2.0/../../../../arm-none-eabi/lib/thumb/v6-m/nofp/libc.a(lib_a-impure.o)
 .data.__atexit_recursive_mutex
                0x00000000200008b8        0x4 /usr/lib/gcc/arm-none-eabi/11.2.0/../../../../arm-none-eabi/lib/thumb/v6-m/nofp/libc.a(lib_a-__call_atexit.o)
                0x00000000200008b8                __atexit_recursive_mutex
                0x00000000200008bc                . = ALIGN (0x4)
 *(.after_data.*)
                0x00000000200008bc                . = ALIGN (0x4)
                0x00000000200008bc                PROVIDE (__mutex_array_start = .)
 *(SORT_BY_NAME(.mutex_array.*))
 *(.mutex_array)
 .mutex_array   0x00000000200008bc        0x8 CMakeFiles/test.dir/usr/share/pico-sdk/src/rp2_common/pico_malloc/pico_malloc.c.obj
 .mutex_array   0x00000000200008c4        0x8 CMakeFiles/test.dir/usr/share/pico-sdk/src/rp2_common/pico_stdio/stdio.c.obj
                0x00000000200008cc                PROVIDE (__mutex_array_end = .)
                0x00000000200008cc                . = ALIGN (0x4)
                0x00000000200008cc                PROVIDE (__preinit_array_start = .)
 *(SORT_BY_NAME(.preinit_array.*))
 .preinit_array.00001
                0x00000000200008cc        0x4 CMakeFiles/test.dir/usr/share/pico-sdk/src/rp2_common/pico_mem_ops/mem_ops_aeabi.S.obj
 .preinit_array.00010
                0x00000000200008d0        0x4 CMakeFiles/test.dir/usr/share/pico-sdk/src/rp2_common/pico_bit_ops/bit_ops_aeabi.S.obj
 .preinit_array.00020
                0x00000000200008d4        0x4 CMakeFiles/test.dir/usr/share/pico-sdk/src/rp2_common/pico_double/double_aeabi.S.obj
 .preinit_array.00020
                0x00000000200008d8        0x4 CMakeFiles/test.dir/usr/share/pico-sdk/src/rp2_common/pico_float/float_aeabi.S.obj
 *(.preinit_array)
                0x00000000200008dc                PROVIDE (__preinit_array_end = .)
                0x00000000200008dc                . = ALIGN (0x4)
                0x00000000200008dc                PROVIDE (__init_array_start = .)
 *(SORT_BY_NAME(.init_array.*))
 .init_array.00000
                0x00000000200008dc        0x4 /usr/lib/gcc/arm-none-eabi/11.2.0/../../../../arm-none-eabi/lib/thumb/v6-m/nofp/libc.a(lib_a-__call_atexit.o)
 *(.init_array)
 .init_array    0x00000000200008e0        0x4 /usr/lib/gcc/arm-none-eabi/11.2.0/thumb/v6-m/nofp/crtbegin.o
 .init_array    0x00000000200008e4        0x4 CMakeFiles/test.dir/usr/share/pico-sdk/src/rp2_common/pico_unique_id/unique_id.c.obj
                0x00000000200008e8                PROVIDE (__init_array_end = .)
                0x00000000200008e8                . = ALIGN (0x4)
                0x00000000200008e8                PROVIDE (__fini_array_start = .)
 *(SORT_BY_NAME(.fini_array.*))
 *(.fini_array)
                0x00000000200008e8                PROVIDE (__fini_array_end = .)
 *(.jcr)
                0x00000000200008e8                . = ALIGN (0x4)
                0x00000000200008e8                __data_end__ = .

.igot.plt       0x00000000200008e8        0x0 load address 0x0000000010008680
 .igot.plt      0x00000000200008e8        0x0 /usr/lib/gcc/arm-none-eabi/11.2.0/thumb/v6-m/nofp/crtbegin.o

.uninitialized_data
                0x00000000200008e8        0x0 load address 0x0000000010008680
                0x00000000200008e8                . = ALIGN (0x4)
 *(.uninitialized_data*)

.scratch_x      0x0000000020040000        0x0 load address 0x0000000010008680
                0x0000000020040000                __scratch_x_start__ = .
 *(.scratch_x.*)
                0x0000000020040000                . = ALIGN (0x4)
                0x0000000020040000                __scratch_x_end__ = .
                0x0000000010008680                __scratch_x_source__ = LOADADDR (.scratch_x)

.scratch_y      0x0000000020041000        0x0 load address 0x0000000010008680
                0x0000000020041000                __scratch_y_start__ = .
 *(.scratch_y.*)
                0x0000000020041000                . = ALIGN (0x4)
                0x0000000020041000                __scratch_y_end__ = .
                0x0000000010008680                __scratch_y_source__ = LOADADDR (.scratch_y)

.bss            0x00000000200008e8     0x1124
                0x00000000200008e8                . = ALIGN (0x4)
                0x00000000200008e8                __bss_start__ = .
 *(SORT_BY_ALIGNMENT(SORT_BY_NAME(.bss*)))
 .bss.default_alarm_pool_entries
                0x00000000200008e8      0x100 CMakeFiles/test.dir/usr/share/pico-sdk/src/common/pico_time/time.c.obj
 .bss.last_avail_time.1
                0x00000000200009e8        0x8 CMakeFiles/test.dir/usr/share/pico-sdk/src/rp2_common/pico_stdio_usb/stdio_usb.c.obj
 .bss.sd_table  0x00000000200009f0      0x100 CMakeFiles/test.dir/usr/share/pico-sdk/src/rp2_common/pico_double/double_init_rom.c.obj
                0x00000000200009f0                sd_table
 .bss.sf_table  0x0000000020000af0      0x100 CMakeFiles/test.dir/usr/share/pico-sdk/src/rp2_common/pico_float/float_init_rom.c.obj
                0x0000000020000af0                sf_table
 .bss.__lock___atexit_recursive_mutex
                0x0000000020000bf0        0x1 /usr/lib/gcc/arm-none-eabi/11.2.0/../../../../arm-none-eabi/lib/thumb/v6-m/nofp/libc.a(lib_a-lock.o)
                0x0000000020000bf0                __lock___atexit_recursive_mutex
 *fill*         0x0000000020000bf1        0x3 
 .bss._app_driver
                0x0000000020000bf4        0x4 CMakeFiles/test.dir/usr/share/pico-sdk/lib/tinyusb/src/device/usbd.c.obj
 .bss._cdcd_itf
                0x0000000020000bf8      0x2d8 CMakeFiles/test.dir/usr/share/pico-sdk/lib/tinyusb/src/class/cdc/cdc_device.c.obj
 .bss._ctrl_xfer
                0x0000000020000ed0       0x14 CMakeFiles/test.dir/usr/share/pico-sdk/lib/tinyusb/src/device/usbd_control.c.obj
 .bss._ubsd_mutexdef
                0x0000000020000ee4        0x8 CMakeFiles/test.dir/usr/share/pico-sdk/lib/tinyusb/src/device/usbd.c.obj
 .bss._usbd_ctrl_buf
                0x0000000020000eec       0x40 CMakeFiles/test.dir/usr/share/pico-sdk/lib/tinyusb/src/device/usbd_control.c.obj
 .bss._usbd_dev
                0x0000000020000f2c       0x53 CMakeFiles/test.dir/usr/share/pico-sdk/lib/tinyusb/src/device/usbd.c.obj
 *fill*         0x0000000020000f7f        0x1 
 .bss._usbd_mutex
                0x0000000020000f80        0x4 CMakeFiles/test.dir/usr/share/pico-sdk/lib/tinyusb/src/device/usbd.c.obj
 .bss._usbd_q   0x0000000020000f84        0x4 CMakeFiles/test.dir/usr/share/pico-sdk/lib/tinyusb/src/device/usbd.c.obj
 .bss._usbd_qdef_buf
                0x0000000020000f88       0xc0 CMakeFiles/test.dir/usr/share/pico-sdk/lib/tinyusb/src/device/usbd.c.obj
                0x0000000020000f88                _usbd_qdef_buf
 .bss.alarm_callbacks
                0x0000000020001048       0x10 CMakeFiles/test.dir/usr/share/pico-sdk/src/rp2_common/hardware_timer/timer.c.obj
 .bss.boot2_copyout
                0x0000000020001058      0x100 CMakeFiles/test.dir/usr/share/pico-sdk/src/rp2_common/hardware_flash/flash.c.obj
 .bss.claimed   0x0000000020001158        0x4 CMakeFiles/test.dir/usr/share/pico-sdk/src/rp2_common/hardware_sync/sync.c.obj
 .bss.configured_freq
                0x000000002000115c       0x28 CMakeFiles/test.dir/usr/share/pico-sdk/src/rp2_common/hardware_clocks/clocks.c.obj
 .bss.default_alarm_pool_entry_ids_high
                0x0000000020001184       0x10 CMakeFiles/test.dir/usr/share/pico-sdk/src/common/pico_time/time.c.obj
 .bss.default_alarm_pool_heap_nodes
                0x0000000020001194       0x30 CMakeFiles/test.dir/usr/share/pico-sdk/src/common/pico_time/time.c.obj
 .bss.desc_str.0
                0x00000000200011c4       0x28 CMakeFiles/test.dir/usr/share/pico-sdk/src/rp2_common/pico_stdio_usb/stdio_usb_descriptors.c.obj
 .bss.drivers   0x00000000200011ec        0x4 CMakeFiles/test.dir/usr/share/pico-sdk/src/rp2_common/pico_stdio/stdio.c.obj
 .bss.filter    0x00000000200011f0        0x4 CMakeFiles/test.dir/usr/share/pico-sdk/src/rp2_common/pico_stdio/stdio.c.obj
 .bss.highTimings
                0x00000000200011f4      0x190 CMakeFiles/test.dir/pico-joybus-comms/src/joybusComms.cpp.obj
                0x00000000200011f4                highTimings
 .bss.hw_endpoints
                0x0000000020001384      0x400 CMakeFiles/test.dir/usr/share/pico-sdk/lib/tinyusb/src/portable/raspberrypi/rp2040/dcd_rp2040.c.obj
 .bss.lazy_vsnprintf
                0x0000000020001784        0x4 CMakeFiles/test.dir/usr/share/pico-sdk/src/rp2_common/pico_printf/printf.c.obj
 .bss.load_value
                0x0000000020001788        0x4 CMakeFiles/test.dir/usr/share/pico-sdk/src/rp2_common/hardware_watchdog/watchdog.c.obj
 .bss.lowTimings
                0x000000002000178c      0x190 CMakeFiles/test.dir/pico-joybus-comms/src/joybusComms.cpp.obj
                0x000000002000178c                lowTimings
 .bss.next_buffer_ptr
                0x000000002000191c        0x4 CMakeFiles/test.dir/usr/share/pico-sdk/lib/tinyusb/src/portable/raspberrypi/rp2040/dcd_rp2040.c.obj
 .bss.object.0  0x0000000020001920       0x18 /usr/lib/gcc/arm-none-eabi/11.2.0/thumb/v6-m/nofp/crtbegin.o
 .bss.origin    0x0000000020001938        0x4 CMakeFiles/test.dir/pico-joybus-comms/src/joybusComms.cpp.obj
                0x0000000020001938                origin
 .bss.pools     0x000000002000193c       0x10 CMakeFiles/test.dir/usr/share/pico-sdk/src/common/pico_time/time.c.obj
 .bss.readIndex
                0x000000002000194c        0x4 CMakeFiles/test.dir/pico-joybus-comms/src/joybusComms.cpp.obj
                0x000000002000194c                readIndex
 .bss.readings  0x0000000020001950       0x64 CMakeFiles/test.dir/pico-joybus-comms/src/joybusComms.cpp.obj
                0x0000000020001950                readings
 .bss.responseBitLength
                0x00000000200019b4        0x4 CMakeFiles/test.dir/pico-joybus-comms/src/joybusComms.cpp.obj
                0x00000000200019b4                responseBitLength
 .bss.retrieved_id
                0x00000000200019b8        0x8 CMakeFiles/test.dir/usr/share/pico-sdk/src/rp2_common/pico_unique_id/unique_id.c.obj
 .bss.sf_clz_func
                0x00000000200019c0        0x4 CMakeFiles/test.dir/usr/share/pico-sdk/src/rp2_common/pico_double/double_init_rom.c.obj
                0x00000000200019c0                sf_clz_func
 .bss.sleep_notifier
                0x00000000200019c4        0x4 CMakeFiles/test.dir/usr/share/pico-sdk/src/common/pico_time/time.c.obj
 .bss.stdio_usb_mutex
                0x00000000200019c8        0x8 CMakeFiles/test.dir/usr/share/pico-sdk/src/rp2_common/pico_stdio_usb/stdio_usb.c.obj
 .bss.target    0x00000000200019d0        0x4 CMakeFiles/test.dir/pico-joybus-comms/src/joybusComms.cpp.obj
                0x00000000200019d0                target
 .bss.target_hi
                0x00000000200019d4       0x10 CMakeFiles/test.dir/usr/share/pico-sdk/src/rp2_common/hardware_timer/timer.c.obj
 .bss.uart_char_to_line_feed
                0x00000000200019e4        0x4 CMakeFiles/test.dir/usr/share/pico-sdk/src/rp2_common/hardware_uart/uart.c.obj
                0x00000000200019e4                uart_char_to_line_feed
 .bss.uart_instance
                0x00000000200019e8        0x4 CMakeFiles/test.dir/usr/share/pico-sdk/src/rp2_common/pico_stdio_uart/stdio_uart.c.obj
 .bss.us        0x00000000200019ec        0x4 CMakeFiles/test.dir/pico-joybus-comms/src/joybusComms.cpp.obj
                0x00000000200019ec                us
 .bss.usbd_serial_str
                0x00000000200019f0       0x11 CMakeFiles/test.dir/usr/share/pico-sdk/src/rp2_common/pico_stdio_usb/stdio_usb_descriptors.c.obj
 .bss._app_driver_count
                0x0000000020001a01        0x1 CMakeFiles/test.dir/usr/share/pico-sdk/lib/tinyusb/src/device/usbd.c.obj
 .bss._usbd_initialized
                0x0000000020001a02        0x1 CMakeFiles/test.dir/usr/share/pico-sdk/lib/tinyusb/src/device/usbd.c.obj
 .bss.boot2_copyout_valid
                0x0000000020001a03        0x1 CMakeFiles/test.dir/usr/share/pico-sdk/src/rp2_common/hardware_flash/flash.c.obj
 .bss.claimed   0x0000000020001a04        0x1 CMakeFiles/test.dir/usr/share/pico-sdk/src/rp2_common/hardware_timer/timer.c.obj
 .bss.gcDataPin
                0x0000000020001a05        0x1 CMakeFiles/test.dir/pico-joybus-comms/src/joybusComms.cpp.obj
                0x0000000020001a05                gcDataPin
 .bss.irq_hander_chain_free_slot_head
                0x0000000020001a06        0x1 CMakeFiles/test.dir/usr/share/pico-sdk/src/rp2_common/hardware_irq/irq.c.obj
 .bss.itf_num   0x0000000020001a07        0x1 CMakeFiles/test.dir/usr/share/pico-sdk/src/rp2_common/pico_stdio_usb/reset_interface.c.obj
 .bss.timer_callbacks_pending
                0x0000000020001a08        0x1 CMakeFiles/test.dir/usr/share/pico-sdk/src/rp2_common/hardware_timer/timer.c.obj
 *(COMMON)
                0x0000000020001a0c                . = ALIGN (0x4)
 *fill*         0x0000000020001a09        0x3 
                0x0000000020001a0c                __bss_end__ = .

.heap           0x0000000020001a0c      0x800
                0x0000000020001a0c                __end__ = .
                0x0000000020001a0c                end = __end__
 *(.heap*)
 .heap          0x0000000020001a0c      0x800 CMakeFiles/test.dir/usr/share/pico-sdk/src/rp2_common/pico_standard_link/crt0.S.obj
                0x000000002000220c                __HeapLimit = .

.stack1_dummy   0x0000000020040000        0x0
 *(.stack1*)

.stack_dummy    0x0000000020041000      0x800
 *(.stack*)
 .stack         0x0000000020041000      0x800 CMakeFiles/test.dir/usr/share/pico-sdk/src/rp2_common/pico_standard_link/crt0.S.obj

.flash_end      0x0000000010008680        0x0
                0x0000000010008680                __flash_binary_end = .
                0x0000000020040000                __StackLimit = (ORIGIN (RAM) + LENGTH (RAM))
                0x0000000020041000                __StackOneTop = (ORIGIN (SCRATCH_X) + LENGTH (SCRATCH_X))
                0x0000000020042000                __StackTop = (ORIGIN (SCRATCH_Y) + LENGTH (SCRATCH_Y))
                0x0000000020041000                __StackOneBottom = (__StackOneTop - SIZEOF (.stack1_dummy))
                0x0000000020041800                __StackBottom = (__StackTop - SIZEOF (.stack_dummy))
                0x0000000020042000                PROVIDE (__stack = __StackTop)
                0x0000000000000001                ASSERT ((__StackLimit >= __HeapLimit), region RAM overflowed)
                0x0000000000000001                ASSERT (((__binary_info_header_end - __logical_binary_start) <= 0x100), Binary info must be in first 256 bytes of the binary)
LOAD CMakeFiles/test.dir/src/main.cpp.obj
LOAD CMakeFiles/test.dir/pico-joybus-comms/src/joybusComms.cpp.obj
LOAD CMakeFiles/test.dir/usr/share/pico-sdk/src/rp2_common/pico_stdlib/stdlib.c.obj
LOAD CMakeFiles/test.dir/usr/share/pico-sdk/src/rp2_common/hardware_gpio/gpio.c.obj
LOAD CMakeFiles/test.dir/usr/share/pico-sdk/src/rp2_common/hardware_claim/claim.c.obj
LOAD CMakeFiles/test.dir/usr/share/pico-sdk/src/rp2_common/pico_platform/platform.c.obj
LOAD CMakeFiles/test.dir/usr/share/pico-sdk/src/rp2_common/hardware_sync/sync.c.obj
LOAD CMakeFiles/test.dir/usr/share/pico-sdk/src/rp2_common/hardware_uart/uart.c.obj
LOAD CMakeFiles/test.dir/usr/share/pico-sdk/src/rp2_common/hardware_divider/divider.S.obj
LOAD CMakeFiles/test.dir/usr/share/pico-sdk/src/common/pico_time/time.c.obj
LOAD CMakeFiles/test.dir/usr/share/pico-sdk/src/common/pico_time/timeout_helper.c.obj
LOAD CMakeFiles/test.dir/usr/share/pico-sdk/src/rp2_common/hardware_timer/timer.c.obj
LOAD CMakeFiles/test.dir/usr/share/pico-sdk/src/common/pico_sync/sem.c.obj
LOAD CMakeFiles/test.dir/usr/share/pico-sdk/src/common/pico_sync/lock_core.c.obj
LOAD CMakeFiles/test.dir/usr/share/pico-sdk/src/common/pico_sync/mutex.c.obj
LOAD CMakeFiles/test.dir/usr/share/pico-sdk/src/common/pico_sync/critical_section.c.obj
LOAD CMakeFiles/test.dir/usr/share/pico-sdk/src/common/pico_util/datetime.c.obj
LOAD CMakeFiles/test.dir/usr/share/pico-sdk/src/common/pico_util/pheap.c.obj
LOAD CMakeFiles/test.dir/usr/share/pico-sdk/src/common/pico_util/queue.c.obj
LOAD CMakeFiles/test.dir/usr/share/pico-sdk/src/rp2_common/pico_runtime/runtime.c.obj
LOAD CMakeFiles/test.dir/usr/share/pico-sdk/src/rp2_common/hardware_clocks/clocks.c.obj
LOAD CMakeFiles/test.dir/usr/share/pico-sdk/src/rp2_common/hardware_irq/irq.c.obj
LOAD CMakeFiles/test.dir/usr/share/pico-sdk/src/rp2_common/hardware_irq/irq_handler_chain.S.obj
LOAD CMakeFiles/test.dir/usr/share/pico-sdk/src/rp2_common/hardware_pll/pll.c.obj
LOAD CMakeFiles/test.dir/usr/share/pico-sdk/src/rp2_common/hardware_vreg/vreg.c.obj
LOAD CMakeFiles/test.dir/usr/share/pico-sdk/src/rp2_common/hardware_watchdog/watchdog.c.obj
LOAD CMakeFiles/test.dir/usr/share/pico-sdk/src/rp2_common/hardware_xosc/xosc.c.obj
LOAD CMakeFiles/test.dir/usr/share/pico-sdk/src/rp2_common/pico_printf/printf.c.obj
LOAD CMakeFiles/test.dir/usr/share/pico-sdk/src/rp2_common/pico_bit_ops/bit_ops_aeabi.S.obj
LOAD CMakeFiles/test.dir/usr/share/pico-sdk/src/rp2_common/pico_bootrom/bootrom.c.obj
LOAD CMakeFiles/test.dir/usr/share/pico-sdk/src/rp2_common/pico_divider/divider.S.obj
LOAD CMakeFiles/test.dir/usr/share/pico-sdk/src/rp2_common/pico_double/double_aeabi.S.obj
LOAD CMakeFiles/test.dir/usr/share/pico-sdk/src/rp2_common/pico_double/double_init_rom.c.obj
LOAD CMakeFiles/test.dir/usr/share/pico-sdk/src/rp2_common/pico_double/double_math.c.obj
LOAD CMakeFiles/test.dir/usr/share/pico-sdk/src/rp2_common/pico_double/double_v1_rom_shim.S.obj
LOAD CMakeFiles/test.dir/usr/share/pico-sdk/src/rp2_common/pico_int64_ops/pico_int64_ops_aeabi.S.obj
LOAD CMakeFiles/test.dir/usr/share/pico-sdk/src/rp2_common/pico_float/float_aeabi.S.obj
LOAD CMakeFiles/test.dir/usr/share/pico-sdk/src/rp2_common/pico_float/float_init_rom.c.obj
LOAD CMakeFiles/test.dir/usr/share/pico-sdk/src/rp2_common/pico_float/float_math.c.obj
LOAD CMakeFiles/test.dir/usr/share/pico-sdk/src/rp2_common/pico_float/float_v1_rom_shim.S.obj
LOAD CMakeFiles/test.dir/usr/share/pico-sdk/src/rp2_common/pico_malloc/pico_malloc.c.obj
LOAD CMakeFiles/test.dir/usr/share/pico-sdk/src/rp2_common/pico_mem_ops/mem_ops_aeabi.S.obj
LOAD CMakeFiles/test.dir/usr/share/pico-sdk/src/rp2_common/pico_standard_link/crt0.S.obj
LOAD CMakeFiles/test.dir/usr/share/pico-sdk/src/rp2_common/pico_standard_link/new_delete.cpp.obj
LOAD CMakeFiles/test.dir/usr/share/pico-sdk/src/rp2_common/pico_standard_link/binary_info.c.obj
LOAD CMakeFiles/test.dir/usr/share/pico-sdk/src/rp2_common/pico_stdio/stdio.c.obj
LOAD CMakeFiles/test.dir/usr/share/pico-sdk/src/rp2_common/pico_stdio_uart/stdio_uart.c.obj
LOAD CMakeFiles/test.dir/usr/share/pico-sdk/src/rp2_common/pico_stdio_usb/reset_interface.c.obj
LOAD CMakeFiles/test.dir/usr/share/pico-sdk/src/rp2_common/pico_stdio_usb/stdio_usb.c.obj
LOAD CMakeFiles/test.dir/usr/share/pico-sdk/src/rp2_common/pico_stdio_usb/stdio_usb_descriptors.c.obj
LOAD CMakeFiles/test.dir/usr/share/pico-sdk/lib/tinyusb/src/portable/raspberrypi/rp2040/dcd_rp2040.c.obj
LOAD CMakeFiles/test.dir/usr/share/pico-sdk/lib/tinyusb/src/portable/raspberrypi/rp2040/rp2040_usb.c.obj
LOAD CMakeFiles/test.dir/usr/share/pico-sdk/lib/tinyusb/src/device/usbd.c.obj
LOAD CMakeFiles/test.dir/usr/share/pico-sdk/lib/tinyusb/src/device/usbd_control.c.obj
LOAD CMakeFiles/test.dir/usr/share/pico-sdk/lib/tinyusb/src/class/audio/audio_device.c.obj
LOAD CMakeFiles/test.dir/usr/share/pico-sdk/lib/tinyusb/src/class/cdc/cdc_device.c.obj
LOAD CMakeFiles/test.dir/usr/share/pico-sdk/lib/tinyusb/src/class/dfu/dfu_device.c.obj
LOAD CMakeFiles/test.dir/usr/share/pico-sdk/lib/tinyusb/src/class/dfu/dfu_rt_device.c.obj
LOAD CMakeFiles/test.dir/usr/share/pico-sdk/lib/tinyusb/src/class/hid/hid_device.c.obj
LOAD CMakeFiles/test.dir/usr/share/pico-sdk/lib/tinyusb/src/class/midi/midi_device.c.obj
LOAD CMakeFiles/test.dir/usr/share/pico-sdk/lib/tinyusb/src/class/msc/msc_device.c.obj
LOAD CMakeFiles/test.dir/usr/share/pico-sdk/lib/tinyusb/src/class/net/ecm_rndis_device.c.obj
LOAD CMakeFiles/test.dir/usr/share/pico-sdk/lib/tinyusb/src/class/net/ncm_device.c.obj
LOAD CMakeFiles/test.dir/usr/share/pico-sdk/lib/tinyusb/src/class/usbtmc/usbtmc_device.c.obj
LOAD CMakeFiles/test.dir/usr/share/pico-sdk/lib/tinyusb/src/class/vendor/vendor_device.c.obj
LOAD CMakeFiles/test.dir/usr/share/pico-sdk/lib/tinyusb/src/class/video/video_device.c.obj
LOAD CMakeFiles/test.dir/usr/share/pico-sdk/lib/tinyusb/src/tusb.c.obj
LOAD CMakeFiles/test.dir/usr/share/pico-sdk/lib/tinyusb/src/common/tusb_fifo.c.obj
LOAD CMakeFiles/test.dir/usr/share/pico-sdk/src/rp2_common/pico_fix/rp2040_usb_device_enumeration/rp2040_usb_device_enumeration.c.obj
LOAD CMakeFiles/test.dir/usr/share/pico-sdk/src/rp2_common/pico_unique_id/unique_id.c.obj
LOAD CMakeFiles/test.dir/usr/share/pico-sdk/src/rp2_common/hardware_flash/flash.c.obj
LOAD CMakeFiles/test.dir/usr/share/pico-sdk/src/rp2_common/hardware_i2c/i2c.c.obj
LOAD CMakeFiles/test.dir/usr/share/pico-sdk/src/rp2_common/pico_multicore/multicore.c.obj
LOAD /tmp/cccwaP5Q.o
LOAD /usr/lib/gcc/arm-none-eabi/11.2.0/../../../../arm-none-eabi/lib/thumb/v6-m/nofp/libstdc++.a
LOAD /usr/lib/gcc/arm-none-eabi/11.2.0/../../../../arm-none-eabi/lib/thumb/v6-m/nofp/libm.a
START GROUP
LOAD /usr/lib/gcc/arm-none-eabi/11.2.0/thumb/v6-m/nofp/libgcc.a
LOAD /usr/lib/gcc/arm-none-eabi/11.2.0/../../../../arm-none-eabi/lib/thumb/v6-m/nofp/libc.a
END GROUP
START GROUP
LOAD /usr/lib/gcc/arm-none-eabi/11.2.0/thumb/v6-m/nofp/libgcc.a
LOAD /usr/lib/gcc/arm-none-eabi/11.2.0/../../../../arm-none-eabi/lib/thumb/v6-m/nofp/libc.a
LOAD /usr/lib/gcc/arm-none-eabi/11.2.0/../../../../arm-none-eabi/lib/thumb/v6-m/nofp/libnosys.a
END GROUP
LOAD /usr/lib/gcc/arm-none-eabi/11.2.0/thumb/v6-m/nofp/crtend.o
LOAD /usr/lib/gcc/arm-none-eabi/11.2.0/thumb/v6-m/nofp/crtn.o
OUTPUT(test.elf elf32-littlearm)
LOAD linker stubs

.ARM.attributes
                0x0000000000000000       0x28
 .ARM.attributes
                0x0000000000000000       0x1e /usr/lib/gcc/arm-none-eabi/11.2.0/thumb/v6-m/nofp/crti.o
 .ARM.attributes
                0x000000000000001e       0x2c /usr/lib/gcc/arm-none-eabi/11.2.0/thumb/v6-m/nofp/crtbegin.o
 .ARM.attributes
                0x000000000000004a       0x2c CMakeFiles/test.dir/src/main.cpp.obj
 .ARM.attributes
                0x0000000000000076       0x2c CMakeFiles/test.dir/pico-joybus-comms/src/joybusComms.cpp.obj
 .ARM.attributes
                0x00000000000000a2       0x2c CMakeFiles/test.dir/usr/share/pico-sdk/src/rp2_common/hardware_gpio/gpio.c.obj
 .ARM.attributes
                0x00000000000000ce       0x2c CMakeFiles/test.dir/usr/share/pico-sdk/src/rp2_common/hardware_claim/claim.c.obj
 .ARM.attributes
                0x00000000000000fa       0x2c CMakeFiles/test.dir/usr/share/pico-sdk/src/rp2_common/pico_platform/platform.c.obj
 .ARM.attributes
                0x0000000000000126       0x2c CMakeFiles/test.dir/usr/share/pico-sdk/src/rp2_common/hardware_sync/sync.c.obj
 .ARM.attributes
                0x0000000000000152       0x2c CMakeFiles/test.dir/usr/share/pico-sdk/src/rp2_common/hardware_uart/uart.c.obj
 .ARM.attributes
                0x000000000000017e       0x2c CMakeFiles/test.dir/usr/share/pico-sdk/src/common/pico_time/time.c.obj
 .ARM.attributes
                0x00000000000001aa       0x2c CMakeFiles/test.dir/usr/share/pico-sdk/src/rp2_common/hardware_timer/timer.c.obj
 .ARM.attributes
                0x00000000000001d6       0x2c CMakeFiles/test.dir/usr/share/pico-sdk/src/common/pico_sync/lock_core.c.obj
 .ARM.attributes
                0x0000000000000202       0x2c CMakeFiles/test.dir/usr/share/pico-sdk/src/common/pico_sync/mutex.c.obj
 .ARM.attributes
                0x000000000000022e       0x2c CMakeFiles/test.dir/usr/share/pico-sdk/src/common/pico_sync/critical_section.c.obj
 .ARM.attributes
                0x000000000000025a       0x2c CMakeFiles/test.dir/usr/share/pico-sdk/src/common/pico_util/pheap.c.obj
 .ARM.attributes
                0x0000000000000286       0x2c CMakeFiles/test.dir/usr/share/pico-sdk/src/rp2_common/pico_runtime/runtime.c.obj
 .ARM.attributes
                0x00000000000002b2       0x2c CMakeFiles/test.dir/usr/share/pico-sdk/src/rp2_common/hardware_clocks/clocks.c.obj
 .ARM.attributes
                0x00000000000002de       0x2c CMakeFiles/test.dir/usr/share/pico-sdk/src/rp2_common/hardware_irq/irq.c.obj
 .ARM.attributes
                0x000000000000030a       0x22 CMakeFiles/test.dir/usr/share/pico-sdk/src/rp2_common/hardware_irq/irq_handler_chain.S.obj
 .ARM.attributes
                0x000000000000032c       0x2c CMakeFiles/test.dir/usr/share/pico-sdk/src/rp2_common/hardware_pll/pll.c.obj
 .ARM.attributes
                0x0000000000000358       0x2c CMakeFiles/test.dir/usr/share/pico-sdk/src/rp2_common/hardware_watchdog/watchdog.c.obj
 .ARM.attributes
                0x0000000000000384       0x2c CMakeFiles/test.dir/usr/share/pico-sdk/src/rp2_common/hardware_xosc/xosc.c.obj
 .ARM.attributes
                0x00000000000003b0       0x2c CMakeFiles/test.dir/usr/share/pico-sdk/src/rp2_common/pico_printf/printf.c.obj
 .ARM.attributes
                0x00000000000003dc       0x22 CMakeFiles/test.dir/usr/share/pico-sdk/src/rp2_common/pico_bit_ops/bit_ops_aeabi.S.obj
 .ARM.attributes
                0x00000000000003fe       0x2c CMakeFiles/test.dir/usr/share/pico-sdk/src/rp2_common/pico_bootrom/bootrom.c.obj
 .ARM.attributes
                0x000000000000042a       0x22 CMakeFiles/test.dir/usr/share/pico-sdk/src/rp2_common/pico_divider/divider.S.obj
 .ARM.attributes
                0x000000000000044c       0x22 CMakeFiles/test.dir/usr/share/pico-sdk/src/rp2_common/pico_double/double_aeabi.S.obj
 .ARM.attributes
                0x000000000000046e       0x2c CMakeFiles/test.dir/usr/share/pico-sdk/src/rp2_common/pico_double/double_init_rom.c.obj
 .ARM.attributes
                0x000000000000049a       0x22 CMakeFiles/test.dir/usr/share/pico-sdk/src/rp2_common/pico_double/double_v1_rom_shim.S.obj
 .ARM.attributes
                0x00000000000004bc       0x22 CMakeFiles/test.dir/usr/share/pico-sdk/src/rp2_common/pico_int64_ops/pico_int64_ops_aeabi.S.obj
 .ARM.attributes
                0x00000000000004de       0x22 CMakeFiles/test.dir/usr/share/pico-sdk/src/rp2_common/pico_float/float_aeabi.S.obj
 .ARM.attributes
                0x0000000000000500       0x2c CMakeFiles/test.dir/usr/share/pico-sdk/src/rp2_common/pico_float/float_init_rom.c.obj
 .ARM.attributes
                0x000000000000052c       0x22 CMakeFiles/test.dir/usr/share/pico-sdk/src/rp2_common/pico_float/float_v1_rom_shim.S.obj
 .ARM.attributes
                0x000000000000054e       0x2c CMakeFiles/test.dir/usr/share/pico-sdk/src/rp2_common/pico_malloc/pico_malloc.c.obj
 .ARM.attributes
                0x000000000000057a       0x22 CMakeFiles/test.dir/usr/share/pico-sdk/src/rp2_common/pico_mem_ops/mem_ops_aeabi.S.obj
 .ARM.attributes
                0x000000000000059c       0x22 CMakeFiles/test.dir/usr/share/pico-sdk/src/rp2_common/pico_standard_link/crt0.S.obj
 .ARM.attributes
                0x00000000000005be       0x32 CMakeFiles/test.dir/usr/share/pico-sdk/src/rp2_common/pico_standard_link/binary_info.c.obj
 .ARM.attributes
                0x00000000000005f0       0x2c CMakeFiles/test.dir/usr/share/pico-sdk/src/rp2_common/pico_stdio/stdio.c.obj
 .ARM.attributes
                0x000000000000061c       0x2c CMakeFiles/test.dir/usr/share/pico-sdk/src/rp2_common/pico_stdio_uart/stdio_uart.c.obj
 .ARM.attributes
                0x0000000000000648       0x2c CMakeFiles/test.dir/usr/share/pico-sdk/src/rp2_common/pico_stdio_usb/reset_interface.c.obj
 .ARM.attributes
                0x0000000000000674       0x2c CMakeFiles/test.dir/usr/share/pico-sdk/src/rp2_common/pico_stdio_usb/stdio_usb.c.obj
 .ARM.attributes
                0x00000000000006a0       0x2c CMakeFiles/test.dir/usr/share/pico-sdk/src/rp2_common/pico_stdio_usb/stdio_usb_descriptors.c.obj
 .ARM.attributes
                0x00000000000006cc       0x2c CMakeFiles/test.dir/usr/share/pico-sdk/lib/tinyusb/src/portable/raspberrypi/rp2040/dcd_rp2040.c.obj
 .ARM.attributes
                0x00000000000006f8       0x2c CMakeFiles/test.dir/usr/share/pico-sdk/lib/tinyusb/src/portable/raspberrypi/rp2040/rp2040_usb.c.obj
 .ARM.attributes
                0x0000000000000724       0x2c CMakeFiles/test.dir/usr/share/pico-sdk/lib/tinyusb/src/device/usbd.c.obj